Component: ARM Compiler 5.06 update 3 (build 300) Tool: armlink [4d35c9]

==============================================================================

Section Cross References

    main.o(.text) refers to misc.o(.text) for NVIC_PriorityGroupConfig
    main.o(.text) refers to delay.o(.text) for delay_init
    main.o(.text) refers to usart.o(.text) for uart_init
    main.o(.text) refers to i2s.o(.text) for IIS_plugin
    main.o(.text) refers to ak4595.o(.text) for AK4595_Init
    main.o(.text) refers to key.o(.text) for KEY_Init
    main.o(.text) refers to malloc.o(.text) for my_mem_init
    main.o(.text) refers to exfuns.o(.text) for exfuns_init
    main.o(.text) refers to ff.o(.text) for f_mount
    main.o(.text) refers to nokia5110.o(.text) for NOKIA5110_init
    main.o(.text) refers to audioplay.o(.text) for audio_play
    main.o(.text) refers to exfuns.o(.bss) for fs
    system_stm32f4xx.o(.text) refers to system_stm32f4xx.o(.data) for SystemCoreClock
    key.o(.text) refers to stm32f4xx_rcc.o(.text) for RCC_AHB1PeriphClockCmd
    key.o(.text) refers to stm32f4xx_gpio.o(.text) for GPIO_Init
    key.o(.text) refers to delay.o(.text) for delay_ms
    key.o(.text) refers to key.o(.data) for key_up
    spi.o(.text) refers to stm32f4xx_spi.o(.text) for SPI_I2S_GetFlagStatus
    spi.o(.text) refers to stm32f4xx_rcc.o(.text) for RCC_AHB1PeriphClockCmd
    spi.o(.text) refers to stm32f4xx_gpio.o(.text) for GPIO_Init
    sdio_sdcard.o(.text) refers to stm32f4xx_sdio.o(.text) for SDIO_GetFlagStatus
    sdio_sdcard.o(.text) refers to sdio_sdcard.o(.data) for DeviceMode
    sdio_sdcard.o(.text) refers to sdio_sdcard.o(.bss) for SDIO_CmdInitStructure
    sdio_sdcard.o(.text) refers to stm32f4xx_rcc.o(.text) for RCC_AHB1PeriphClockCmd
    sdio_sdcard.o(.text) refers to stm32f4xx_gpio.o(.text) for GPIO_Init
    sdio_sdcard.o(.text) refers to misc.o(.text) for NVIC_Init
    sdio_sdcard.o(.text) refers to stm32f4xx_dma.o(.text) for DMA_GetCmdStatus
    sdio_sdcard.o(.text) refers to sys.o(.emb_text) for INTX_DISABLE
    sdio_sdcard.o(.text) refers to rt_memcpy_v6.o(.text) for __aeabi_memcpy
    myiic.o(.text) refers to stm32f4xx_rcc.o(.text) for RCC_AHB1PeriphClockCmd
    myiic.o(.text) refers to stm32f4xx_gpio.o(.text) for GPIO_Init
    myiic.o(.text) refers to delay.o(.text) for delay_us
    i2s.o(.text) refers to stm32f4xx_rcc.o(.text) for RCC_AHB1PeriphClockCmd
    i2s.o(.text) refers to stm32f4xx_gpio.o(.text) for GPIO_Init
    i2s.o(.text) refers to stm32f4xx_spi.o(.text) for I2S_Init
    i2s.o(.text) refers to stm32f4xx_dma.o(.text) for DMA_DeInit
    i2s.o(.text) refers to misc.o(.text) for NVIC_Init
    i2s.o(.text) refers to i2s.o(.constdata) for I2S_PSC_TBL
    i2s.o(.text) refers to i2s.o(.data) for i2s_tx_callback
    ak4595.o(.text) refers to myiic.o(.text) for IIC_Start
    ak4595.o(.text) refers to ak4595.o(.data) for AK4595_REGVAL_TBL
    nokia5110.o(.text) refers to delay.o(.text) for delay_us
    nokia5110.o(.text) refers to stm32f4xx_rcc.o(.text) for RCC_AHB1PeriphClockCmd
    nokia5110.o(.text) refers to stm32f4xx_gpio.o(.text) for GPIO_Init
    nokia5110.o(.text) refers to nokia5110.o(.data) for font6x8
    sram.o(.text) refers to stm32f4xx_rcc.o(.text) for RCC_AHB1PeriphClockCmd
    sram.o(.text) refers to stm32f4xx_gpio.o(.text) for GPIO_Init
    sram.o(.text) refers to stm32f4xx_fsmc.o(.text) for FSMC_NORSRAMInit
    sram.o(.text) refers to stm32f4xx_dma.o(.text) for DMA_Cmd
    sram.o(.text) refers to sram.o(.data) for fsmcwitchbuf
    sram.o(.text) refers to malloc.o(.text) for mymalloc
    sram.o(.text) refers to ak4595.o(.text) for AK4495_I2S_Cfg
    sram.o(.text) refers to i2s.o(.text) for I2S3_Init
    sram.o(.text) refers to audioplay.o(.text) for audio_stop
    sram.o(.text) refers to audioplay.o(.bss) for audiodev
    sram.o(.text) refers to i2s.o(.data) for i2s_tx_callback
    usart.o(.rev16_text) refers (Special) to use_no_semi_2.o(.text) for __use_no_semihosting
    usart.o(.revsh_text) refers (Special) to use_no_semi_2.o(.text) for __use_no_semihosting
    usart.o(.text) refers (Special) to use_no_semi_2.o(.text) for __use_no_semihosting
    usart.o(.text) refers to stm32f4xx_rcc.o(.text) for RCC_AHB1PeriphClockCmd
    usart.o(.text) refers to stm32f4xx_gpio.o(.text) for GPIO_Init
    usart.o(.text) refers to stm32f4xx_usart.o(.text) for USART_Init
    usart.o(.text) refers to usart.o(.data) for USART_RX_STA
    usart.o(.text) refers to usart.o(.bss) for USART_RX_BUF
    usart.o(.bss) refers (Special) to use_no_semi_2.o(.text) for __use_no_semihosting
    usart.o(.data) refers (Special) to use_no_semi_2.o(.text) for __use_no_semihosting
    delay.o(.text) refers to misc.o(.text) for SysTick_CLKSourceConfig
    delay.o(.text) refers to delay.o(.data) for fac_us
    startup_stm32f40_41xxx.o(STACK) refers (Special) to heapauxi.o(.text) for __use_two_region_memory
    startup_stm32f40_41xxx.o(HEAP) refers (Special) to heapauxi.o(.text) for __use_two_region_memory
[...]
    CmdResp7Error                            0x08000f29   Thumb Code    72  sdio_sdcard.o(.text)
    CmdError                                 0x08000f71   Thumb Code    48  sdio_sdcard.o(.text)
    SD_PowerON                               0x08000fa1   Thumb Code   460  sdio_sdcard.o(.text)
    SD_Init                                  0x0800116d   Thumb Code   334  sdio_sdcard.o(.text)
    SD_PowerOFF                              0x080012bb   Thumb Code    12  sdio_sdcard.o(.text)
    SD_DMA_Config                            0x080012c7   Thumb Code   118  sdio_sdcard.o(.text)
    convert_from_bytes_to_power_of_two       0x0800133d   Thumb Code    18  sdio_sdcard.o(.text)
    SD_ReadBlock                             0x0800134f   Thumb Code   578  sdio_sdcard.o(.text)
    SD_ReadMultiBlocks                       0x08001591   Thumb Code   762  sdio_sdcard.o(.text)
    IsCardProgramming                        0x0800188b   Thumb Code   150  sdio_sdcard.o(.text)
    SD_WriteBlock                            0x08001921   Thumb Code   914  sdio_sdcard.o(.text)
    SD_WriteMultiBlocks                      0x08001cb3   Thumb Code   976  sdio_sdcard.o(.text)
    SD_ProcessIRQSrc                         0x08002083   Thumb Code   322  sdio_sdcard.o(.text)
    SDIO_IRQHandler                          0x080021c5   Thumb Code     8  sdio_sdcard.o(.text)
    SD_SendStatus                            0x080021cd   Thumb Code    74  sdio_sdcard.o(.text)
    SD_GetState                              0x08002217   Thumb Code    26  sdio_sdcard.o(.text)
    SD_ReadDisk                              0x08002231   Thumb Code   188  sdio_sdcard.o(.text)
    SD_WriteDisk                             0x080022ed   Thumb Code   148  sdio_sdcard.o(.text)
    IIC_Init                                 0x08002385   Thumb Code   102  myiic.o(.text)
    IIC_Start                                0x080023eb   Thumb Code    70  myiic.o(.text)
    IIC_Stop                                 0x08002431   Thumb Code    68  myiic.o(.text)
    IIC_Wait_Ack                             0x08002475   Thumb Code    96  myiic.o(.text)
    IIC_Ack                                  0x080024d5   Thumb Code    74  myiic.o(.text)
    IIC_NAck                                 0x0800251f   Thumb Code    74  myiic.o(.text)
    IIC_Send_Byte                            0x08002569   Thumb Code    98  myiic.o(.text)
    IIC_Read_Byte                            0x080025cb   Thumb Code   100  myiic.o(.text)
    IIS_plugin                               0x08002649   Thumb Code   336  i2s.o(.text)
    I2S3_Init                                0x08002799   Thumb Code    94  i2s.o(.text)
    I2S2_Init                                0x080027f7   Thumb Code    94  i2s.o(.text)
    I2S2_SampleRate_Set                      0x08002855   Thumb Code   150  i2s.o(.text)
    I2S3_SampleRate_Set                      0x080028eb   Thumb Code   150  i2s.o(.text)
    I2S2_TX_DMA_Init                         0x08002981   Thumb Code   156  i2s.o(.text)
    I2S3_TX_DMA_Init                         0x08002a1d   Thumb Code   202  i2s.o(.text)
    DMA1_Stream5_IRQHandler                  0x08002ae7   Thumb Code    30  i2s.o(.text)
    DMA1_Stream4_IRQHandler                  0x08002b05   Thumb Code    34  i2s.o(.text)
    I2S_Play_Start                           0x08002b27   Thumb Code    78  i2s.o(.text)
    I2S_Play_Stop                            0x08002b75   Thumb Code    78  i2s.o(.text)
    AK4595_Write_Reg                         0x08002bd9   Thumb Code    72  ak4595.o(.text)
    AK4595_SetLen                            0x08002c21   Thumb Code    78  ak4595.o(.text)
    AK4595_SetLrck                           0x08002c6f   Thumb Code    78  ak4595.o(.text)
    AK4595_SetPcmDsd                         0x08002cbd   Thumb Code    36  ak4595.o(.text)
    AK4595_Reset                             0x08002ce1   Thumb Code    78  ak4595.o(.text)
    AK4495_I2S_Cfg                           0x08002d2f   Thumb Code    94  ak4595.o(.text)
    AK4595_Init                              0x08002d8d   Thumb Code    28  ak4595.o(.text)
    NOKIA5110_write_byte                     0x08002dc9   Thumb Code   100  nokia5110.o(.text)
    NOKIA5110_clear                          0x08002e2d   Thumb Code    40  nokia5110.o(.text)
    NOKIA5110_init                           0x08002e55   Thumb Code   122  nokia5110.o(.text)
    NOKIA5110_write_char                     0x08002ecf   Thumb Code    42  nokia5110.o(.text)
    NOKIA5110_set_XY                         0x08002ef9   Thumb Code    28  nokia5110.o(.text)
    NOKIA5110_write_english_string           0x08002f15   Thumb Code    34  nokia5110.o(.text)
    NOKIA5110_clear_row                      0x08002f37   Thumb Code    34  nokia5110.o(.text)
    NOKIA5110_write_32                       0x08002f59   Thumb Code    72  nokia5110.o(.text)
    NOKIA5110_write_28                       0x08002fa1   Thumb Code    72  nokia5110.o(.text)
    NOKIA5110_write_16                       0x08002fe9   Thumb Code    72  nokia5110.o(.text)
    NOKIA5110_picture                        0x08003031   Thumb Code    26  nokia5110.o(.text)
    NOKIA5110_pos_picture                    0x0800304b   Thumb Code    78  nokia5110.o(.text)
    NOKIA5110_printn                         0x08003099   Thumb Code   166  nokia5110.o(.text)
    _sys_exit                                0x08003151   Thumb Code     6  usart.o(.text)
    fputc                                    0x08003157   Thumb Code    24  usart.o(.text)
    uart_init                                0x0800316f   Thumb Code   140  usart.o(.text)
    USART1_IRQHandler                        0x080031fb   Thumb Code   122  usart.o(.text)
    delay_init                               0x08003289   Thumb Code    52  delay.o(.text)
    delay_us                                 0x080032bd   Thumb Code    72  delay.o(.text)
    delay_xms                                0x08003305   Thumb Code    72  delay.o(.text)
    delay_ms                                 0x0800334d   Thumb Code    56  delay.o(.text)
    Reset_Handler                            0x0800338d   Thumb Code     8  startup_stm32f40_41xxx.o(.text)
    ADC_IRQHandler                           0x080033a7   Thumb Code     0  startup_stm32f40_41xxx.o(.text)
    CAN1_RX0_IRQHandler                      0x080033a7   Thumb Code     0  startup_stm32f40_41xxx.o(.text)
    CAN1_RX1_IRQHandler                      0x080033a7   Thumb Code     0  startup_stm32f40_41xxx.o(.text)
    CAN1_SCE_IRQHandler                      0x080033a7   Thumb Code     0  startup_stm32f40_41xxx.o(.text)
    CAN1_TX_IRQHandler                       0x080033a7   Thumb Code     0  startup_stm32f40_41xxx.o(.text)
    CAN2_RX0_IRQHandler                      0x080033a7   Thumb Code     0  startup_stm32f40_41xxx.o(.text)
    CAN2_RX1_IRQHandler                      0x080033a7   Thumb Code     0  startup_stm32f40_41xxx.o(.text)
    CAN2_SCE_IRQHandler                      0x080033a7   Thumb Code     0  startup_stm32f40_41xxx.o(.text)
    CAN2_TX_IRQHandler                       0x080033a7   Thumb Code     0  startup_stm32f40_41xxx.o(.text)
    CRYP_IRQHandler                          0x080033a7   Thumb Code     0  startup_stm32f40_41xxx.o(.text)
    DCMI_IRQHandler                          0x080033a7   Thumb Code     0  startup_stm32f40_41xxx.o(.text)
    DMA1_Stream0_IRQHandler                  0x080033a7   Thumb Code     0  startup_stm32f40_41xxx.o(.text)
    DMA1_Stream1_IRQHandler                  0x080033a7   Thumb Code     0  startup_stm32f40_41xxx.o(.text)
    DMA1_Stream2_IRQHandler                  0x080033a7   Thumb Code     0  startup_stm32f40_41xxx.o(.text)
    DMA1_Stream3_IRQHandler                  0x080033a7   Thumb Code     0  startup_stm32f40_41xxx.o(.text)
    DMA1_Stream6_IRQHandler                  0x080033a7   Thumb Code     0  startup_stm32f40_41xxx.o(.text)
    DMA1_Stream7_IRQHandler                  0x080033a7   Thumb Code     0  startup_stm32f40_41xxx.o(.text)
    DMA2_Stream0_IRQHandler                  0x080033a7   Thumb Code     0  startup_stm32f40_41xxx.o(.text)
    DMA2_Stream1_IRQHandler                  0x080033a7   Thumb Code     0  startup_stm32f40_41xxx.o(.text)
    DMA2_Stream2_IRQHandler                  0x080033a7   Thumb Code     0  startup_stm32f40_41xxx.o(.text)
    DMA2_Stream3_IRQHandler                  0x080033a7   Thumb Code     0  startup_stm32f40_41xxx.o(.text)
    DMA2_Stream4_IRQHandler                  0x080033a7   Thumb Code     0  startup_stm32f40_41xxx.o(.text)
    DMA2_Stream5_IRQHandler                  0x080033a7   Thumb Code     0  startup_stm32f40_41xxx.o(.text)
    DMA2_Stream6_IRQHandler                  0x080033a7   Thumb Code     0  startup_stm32f40_41xxx.o(.text)
    DMA2_Stream7_IRQHandler                  0x080033a7   Thumb Code     0  startup_stm32f40_41xxx.o(.text)
    ETH_IRQHandler                           0x080033a7   Thumb Code     0  startup_stm32f40_41xxx.o(.text)
    ETH_WKUP_IRQHandler                      0x080033a7   Thumb Code     0  startup_stm32f40_41xxx.o(.text)
    EXTI0_IRQHandler                         0x080033a7   Thumb Code     0  startup_stm32f40_41xxx.o(.text)
    EXTI15_10_IRQHandler                     0x080033a7   Thumb Code     0  startup_stm32f40_41xxx.o(.text)
    EXTI1_IRQHandler                         0x080033a7   Thumb Code     0  startup_stm32f40_41xxx.o(.text)
    EXTI2_IRQHandler                         0x080033a7   Thumb Code     0  startup_stm32f40_41xxx.o(.text)
    EXTI3_IRQHandler                         0x080033a7   Thumb Code     0  startup_stm32f40_41xxx.o(.text)
    EXTI4_IRQHandler                         0x080033a7   Thumb Code     0  startup_stm32f40_41xxx.o(.text)
    EXTI9_5_IRQHandler                       0x080033a7   Thumb Code     0  startup_stm32f40_41xxx.o(.text)
    FLASH_IRQHandler                         0x080033a7   Thumb Code     0  startup_stm32f40_41xxx.o(.text)
    FPU_IRQHandler                           0x080033a7   Thumb Code     0  startup_stm32f40_41xxx.o(.text)
    FSMC_IRQHandler                          0x080033a7   Thumb Code     0  startup_stm32f40_41xxx.o(.text)
    HASH_RNG_IRQHandler                      0x080033a7   Thumb Code     0  startup_stm32f40_41xxx.o(.text)
    I2C1_ER_IRQHandler                       0x080033a7   Thumb Code     0  startup_stm32f40_41xxx.o(.text)
    I2C1_EV_IRQHandler                       0x080033a7   Thumb Code     0  startup_stm32f40_41xxx.o(.text)
    I2C2_ER_IRQHandler                       0x080033a7   Thumb Code     0  startup_stm32f40_41xxx.o(.text)
    I2C2_EV_IRQHandler                       0x080033a7   Thumb Code     0  startup_stm32f40_41xxx.o(.text)
    I2C3_ER_IRQHandler                       0x080033a7   Thumb Code     0  startup_stm32f40_41xxx.o(.text)
    I2C3_EV_IRQHandler                       0x080033a7   Thumb Code     0  startup_stm32f40_41xxx.o(.text)
    OTG_FS_IRQHandler                        0x080033a7   Thumb Code     0  startup_stm32f40_41xxx.o(.text)
    OTG_FS_WKUP_IRQHandler                   0x080033a7   Thumb Code     0  startup_stm32f40_41xxx.o(.text)
    OTG_HS_EP1_IN_IRQHandler                 0x080033a7   Thumb Code     0  startup_stm32f40_41xxx.o(.text)
    OTG_HS_EP1_OUT_IRQHandler                0x080033a7   Thumb Code     0  startup_stm32f40_41xxx.o(.text)
    OTG_HS_IRQHandler                        0x080033a7   Thumb Code     0  startup_stm32f40_41xxx.o(.text)
    OTG_HS_WKUP_IRQHandler                   0x080033a7   Thumb Code     0  startup_stm32f40_41xxx.o(.text)
    PVD_IRQHandler                           0x080033a7   Thumb Code     0  startup_stm32f40_41xxx.o(.text)
    RCC_IRQHandler                           0x080033a7   Thumb Code     0  startup_stm32f40_41xxx.o(.text)
    RTC_Alarm_IRQHandler                     0x080033a7   Thumb Code     0  startup_stm32f40_41xxx.o(.text)
    RTC_WKUP_IRQHandler                      0x080033a7   Thumb Code     0  startup_stm32f40_41xxx.o(.text)
    SPI1_IRQHandler                          0x080033a7   Thumb Code     0  startup_stm32f40_41xxx.o(.text)
    SPI2_IRQHandler                          0x080033a7   Thumb Code     0  startup_stm32f40_41xxx.o(.text)
    SPI3_IRQHandler                          0x080033a7   Thumb Code     0  startup_stm32f40_41xxx.o(.text)
    TAMP_STAMP_IRQHandler                    0x080033a7   Thumb Code     0  startup_stm32f40_41xxx.o(.text)
    TIM1_BRK_TIM9_IRQHandler                 0x080033a7   Thumb Code     0  startup_stm32f40_41xxx.o(.text)
    TIM1_CC_IRQHandler                       0x080033a7   Thumb Code     0  startup_stm32f40_41xxx.o(.text)
    TIM1_TRG_COM_TIM11_IRQHandler            0x080033a7   Thumb Code     0  startup_stm32f40_41xxx.o(.text)
    TIM1_UP_TIM10_IRQHandler                 0x080033a7   Thumb Code     0  startup_stm32f40_41xxx.o(.text)
    TIM2_IRQHandler                          0x080033a7   Thumb Code     0  startup_stm32f40_41xxx.o(.text)
    TIM3_IRQHandler                          0x080033a7   Thumb Code     0  startup_stm32f40_41xxx.o(.text)
    TIM4_IRQHandler                          0x080033a7   Thumb Code     0  startup_stm32f40_41xxx.o(.text)
    TIM5_IRQHandler                          0x080033a7   Thumb Code     0  startup_stm32f40_41xxx.o(.text)
    TIM6_DAC_IRQHandler                      0x080033a7   Thumb Code     0  startup_stm32f40_41xxx.o(.text)
    TIM7_IRQHandler                          0x080033a7   Thumb Code     0  startup_stm32f40_41xxx.o(.text)
    TIM8_BRK_TIM12_IRQHandler                0x080033a7   Thumb Code     0  startup_stm32f40_41xxx.o(.text)
    TIM8_CC_IRQHandler                       0x080033a7   Thumb Code     0  startup_stm32f40_41xxx.o(.text)
    TIM8_TRG_COM_TIM14_IRQHandler            0x080033a7   Thumb Code     0  startup_stm32f40_41xxx.o(.text)
    TIM8_UP_TIM13_IRQHandler                 0x080033a7   Thumb Code     0  startup_stm32f40_41xxx.o(.text)
    UART4_IRQHandler                         0x080033a7   Thumb Code     0  startup_stm32f40_41xxx.o(.text)
    UART5_IRQHandler                         0x080033a7   Thumb Code     0  startup_stm32f40_41xxx.o(.text)
    USART2_IRQHandler                        0x080033a7   Thumb Code     0  startup_stm32f40_41xxx.o(.text)
    USART3_IRQHandler                        0x080033a7   Thumb Code     0  startup_stm32f40_41xxx.o(.text)
    USART6_IRQHandler                        0x080033a7   Thumb Code     0  startup_stm32f40_41xxx.o(.text)
    WWDG_IRQHandler                          0x080033a7   Thumb Code     0  startup_stm32f40_41xxx.o(.text)
    __user_initial_stackheap                 0x080033a9   Thumb Code     0  startup_stm32f40_41xxx.o(.text)
    NVIC_PriorityGroupConfig                 0x080033cd   Thumb Code    10  misc.o(.text)
    NVIC_Init                                0x080033d7   Thumb Code   106  misc.o(.text)
    NVIC_SetVectorTable                      0x08003441   Thumb Code    14  misc.o(.text)
    NVIC_SystemLPConfig                      0x0800344f   Thumb Code    34  misc.o(.text)
    SysTick_CLKSourceConfig                  0x08003471   Thumb Code    40  misc.o(.text)
    GPIO_DeInit                              0x080034ad   Thumb Code   268  stm32f4xx_gpio.o(.text)
    GPIO_Init                                0x080035b9   Thumb Code   144  stm32f4xx_gpio.o(.text)
    GPIO_StructInit                          0x08003649   Thumb Code    18  stm32f4xx_gpio.o(.text)
    GPIO_PinLockConfig                       0x0800365b   Thumb Code    34  stm32f4xx_gpio.o(.text)
    GPIO_ReadInputDataBit                    0x0800367d   Thumb Code    18  stm32f4xx_gpio.o(.text)
    GPIO_ReadInputData                       0x0800368f   Thumb Code     8  stm32f4xx_gpio.o(.text)
    GPIO_ReadOutputDataBit                   0x08003697   Thumb Code    18  stm32f4xx_gpio.o(.text)
    GPIO_ReadOutputData                      0x080036a9   Thumb Code     8  stm32f4xx_gpio.o(.text)
    GPIO_SetBits                             0x080036b1   Thumb Code     4  stm32f4xx_gpio.o(.text)
    GPIO_ResetBits                           0x080036b5   Thumb Code     4  stm32f4xx_gpio.o(.text)
    GPIO_WriteBit                            0x080036b9   Thumb Code    10  stm32f4xx_gpio.o(.text)
    GPIO_Write                               0x080036c3   Thumb Code     4  stm32f4xx_gpio.o(.text)
    GPIO_ToggleBits                          0x080036c7   Thumb Code     8  stm32f4xx_gpio.o(.text)
    GPIO_PinAFConfig                         0x080036cf   Thumb Code    70  stm32f4xx_gpio.o(.text)
    RCC_DeInit                               0x08003741   Thumb Code    82  stm32f4xx_rcc.o(.text)
    RCC_HSEConfig                            0x08003793   Thumb Code    14  stm32f4xx_rcc.o(.text)
    RCC_GetFlagStatus                        0x080037a1   Thumb Code    60  stm32f4xx_rcc.o(.text)
    RCC_WaitForHSEStartUp                    0x080037dd   Thumb Code    56  stm32f4xx_rcc.o(.text)
    RCC_AdjustHSICalibrationValue            0x08003815   Thumb Code    20  stm32f4xx_rcc.o(.text)
    RCC_HSICmd                               0x08003829   Thumb Code     6  stm32f4xx_rcc.o(.text)
    RCC_LSEConfig                            0x0800382f   Thumb Code    46  stm32f4xx_rcc.o(.text)
    RCC_LSICmd                               0x0800385d   Thumb Code     6  stm32f4xx_rcc.o(.text)
    RCC_PLLConfig                            0x08003863   Thumb Code    32  stm32f4xx_rcc.o(.text)
    RCC_PLLCmd                               0x08003883   Thumb Code     6  stm32f4xx_rcc.o(.text)
    RCC_PLLI2SConfig                         0x08003889   Thumb Code    14  stm32f4xx_rcc.o(.text)
    RCC_PLLI2SCmd                            0x08003897   Thumb Code     6  stm32f4xx_rcc.o(.text)
    RCC_PLLSAIConfig                         0x0800389d   Thumb Code    20  stm32f4xx_rcc.o(.text)
    RCC_PLLSAICmd                            0x080038b1   Thumb Code     6  stm32f4xx_rcc.o(.text)
    RCC_ClockSecuritySystemCmd               0x080038b7   Thumb Code     6  stm32f4xx_rcc.o(.text)
    RCC_MCO1Config                           0x080038bd   Thumb Code    28  stm32f4xx_rcc.o(.text)
    RCC_MCO2Config                           0x080038d9   Thumb Code    28  stm32f4xx_rcc.o(.text)
    RCC_SYSCLKConfig                         0x080038f5   Thumb Code    20  stm32f4xx_rcc.o(.text)
    RCC_GetSYSCLKSource                      0x08003909   Thumb Code    12  stm32f4xx_rcc.o(.text)
    RCC_HCLKConfig                           0x08003915   Thumb Code    20  stm32f4xx_rcc.o(.text)
    RCC_PCLK1Config                          0x08003929   Thumb Code    20  stm32f4xx_rcc.o(.text)
    RCC_PCLK2Config                          0x0800393d   Thumb Code    22  stm32f4xx_rcc.o(.text)
    RCC_GetClocksFreq                        0x08003953   Thumb Code   222  stm32f4xx_rcc.o(.text)
    RCC_RTCCLKConfig                         0x08003a31   Thumb Code    54  stm32f4xx_rcc.o(.text)
    RCC_RTCCLKCmd                            0x08003a67   Thumb Code     8  stm32f4xx_rcc.o(.text)
    RCC_BackupResetCmd                       0x08003a6f   Thumb Code     8  stm32f4xx_rcc.o(.text)
    RCC_I2SCLKConfig                         0x08003a77   Thumb Code     6  stm32f4xx_rcc.o(.text)
    RCC_SAIPLLI2SClkDivConfig                0x08003a7d   Thumb Code    26  stm32f4xx_rcc.o(.text)
    RCC_SAIPLLSAIClkDivConfig                0x08003a97   Thumb Code    28  stm32f4xx_rcc.o(.text)
    RCC_SAIBlockACLKConfig                   0x08003ab3   Thumb Code    20  stm32f4xx_rcc.o(.text)
    RCC_SAIBlockBCLKConfig                   0x08003ac7   Thumb Code    20  stm32f4xx_rcc.o(.text)
    RCC_LTDCCLKDivConfig                     0x08003adb   Thumb Code    20  stm32f4xx_rcc.o(.text)
    RCC_TIMCLKPresConfig                     0x08003aef   Thumb Code     6  stm32f4xx_rcc.o(.text)
    RCC_AHB1PeriphClockCmd                   0x08003af5   Thumb Code    34  stm32f4xx_rcc.o(.text)
    RCC_AHB2PeriphClockCmd                   0x08003b17   Thumb Code    78  stm32f4xx_rcc.o(.text)
    RCC_AHB3PeriphClockCmd                   0x08003b65   Thumb Code    34  stm32f4xx_rcc.o(.text)
    RCC_APB1PeriphClockCmd                   0x08003b87   Thumb Code    34  stm32f4xx_rcc.o(.text)
    RCC_APB2PeriphClockCmd                   0x08003ba9   Thumb Code    34  stm32f4xx_rcc.o(.text)
    RCC_AHB1PeriphResetCmd                   0x08003bcb   Thumb Code    34  stm32f4xx_rcc.o(.text)
    RCC_AHB2PeriphResetCmd                   0x08003bed   Thumb Code    34  stm32f4xx_rcc.o(.text)
    RCC_AHB3PeriphResetCmd                   0x08003c0f   Thumb Code    34  stm32f4xx_rcc.o(.text)
    RCC_APB1PeriphResetCmd                   0x08003c31   Thumb Code    34  stm32f4xx_rcc.o(.text)
    RCC_APB2PeriphResetCmd                   0x08003c53   Thumb Code    34  stm32f4xx_rcc.o(.text)
    RCC_AHB1PeriphClockLPModeCmd             0x08003c75   Thumb Code    34  stm32f4xx_rcc.o(.text)
    RCC_AHB2PeriphClockLPModeCmd             0x08003c97   Thumb Code    34  stm32f4xx_rcc.o(.text)
    RCC_AHB3PeriphClockLPModeCmd             0x08003cb9   Thumb Code    34  stm32f4xx_rcc.o(.text)
    RCC_APB1PeriphClockLPModeCmd             0x08003cdb   Thumb Code    34  stm32f4xx_rcc.o(.text)
    RCC_APB2PeriphClockLPModeCmd             0x08003cfd   Thumb Code    34  stm32f4xx_rcc.o(.text)
    RCC_LSEModeConfig                        0x08003d1f   Thumb Code    40  stm32f4xx_rcc.o(.text)
    RCC_ITConfig                             0x08003d47   Thumb Code    34  stm32f4xx_rcc.o(.text)
    RCC_ClearFlag                            0x08003d69   Thumb Code    18  stm32f4xx_rcc.o(.text)
    RCC_GetITStatus                          0x08003d7b   Thumb Code    22  stm32f4xx_rcc.o(.text)
    RCC_ClearITPendingBit                    0x08003d91   Thumb Code     8  stm32f4xx_rcc.o(.text)
    USART_DeInit                             0x08003d9d   Thumb Code   206  stm32f4xx_usart.o(.text)
    USART_Init                               0x08003e6b   Thumb Code   204  stm32f4xx_usart.o(.text)
    USART_StructInit                         0x08003f37   Thumb Code    24  stm32f4xx_usart.o(.text)
    USART_ClockInit                          0x08003f4f   Thumb Code    32  stm32f4xx_usart.o(.text)
    USART_ClockStructInit                    0x08003f6f   Thumb Code    12  stm32f4xx_usart.o(.text)
    USART_Cmd                                0x08003f7b   Thumb Code    24  stm32f4xx_usart.o(.text)
    USART_SetPrescaler                       0x08003f93   Thumb Code    16  stm32f4xx_usart.o(.text)
    USART_OverSampling8Cmd                   0x08003fa3   Thumb Code    22  stm32f4xx_usart.o(.text)
    USART_OneBitMethodCmd                    0x08003fb9   Thumb Code    24  stm32f4xx_usart.o(.text)
    USART_SendData                           0x08003fd1   Thumb Code     8  stm32f4xx_usart.o(.text)
    USART_ReceiveData                        0x08003fd9   Thumb Code    10  stm32f4xx_usart.o(.text)
    USART_SetAddress                         0x08003fe3   Thumb Code    18  stm32f4xx_usart.o(.text)
    USART_ReceiverWakeUpCmd                  0x08003ff5   Thumb Code    24  stm32f4xx_usart.o(.text)
    USART_WakeUpConfig                       0x0800400d   Thumb Code    18  stm32f4xx_usart.o(.text)
    USART_LINBreakDetectLengthConfig         0x0800401f   Thumb Code    18  stm32f4xx_usart.o(.text)
    USART_LINCmd                             0x08004031   Thumb Code    24  stm32f4xx_usart.o(.text)
    USART_SendBreak                          0x08004049   Thumb Code    10  stm32f4xx_usart.o(.text)
    USART_HalfDuplexCmd                      0x08004053   Thumb Code    24  stm32f4xx_usart.o(.text)
    USART_SetGuardTime                       0x0800406b   Thumb Code    16  stm32f4xx_usart.o(.text)
    USART_SmartCardCmd                       0x0800407b   Thumb Code    24  stm32f4xx_usart.o(.text)
    USART_SmartCardNACKCmd                   0x08004093   Thumb Code    24  stm32f4xx_usart.o(.text)
    USART_IrDAConfig                         0x080040ab   Thumb Code    18  stm32f4xx_usart.o(.text)
    USART_IrDACmd                            0x080040bd   Thumb Code    24  stm32f4xx_usart.o(.text)
    USART_DMACmd                             0x080040d5   Thumb Code    18  stm32f4xx_usart.o(.text)
    USART_ITConfig                           0x080040e7   Thumb Code    74  stm32f4xx_usart.o(.text)
    USART_GetFlagStatus                      0x08004131   Thumb Code    26  stm32f4xx_usart.o(.text)
    USART_ClearFlag                          0x0800414b   Thumb Code    18  stm32f4xx_usart.o(.text)
    USART_GetITStatus                        0x0800415d   Thumb Code   118  stm32f4xx_usart.o(.text)
    USART_ClearITPendingBit                  0x080041d3   Thumb Code    30  stm32f4xx_usart.o(.text)
    SPI_I2S_DeInit                           0x080041f1   Thumb Code   152  stm32f4xx_spi.o(.text)
    SPI_Init                                 0x08004289   Thumb Code    60  stm32f4xx_spi.o(.text)
    I2S_Init                                 0x080042c5   Thumb Code   396  stm32f4xx_spi.o(.text)
    SPI_StructInit                           0x08004451   Thumb Code    24  stm32f4xx_spi.o(.text)
    I2S_StructInit                           0x08004469   Thumb Code    20  stm32f4xx_spi.o(.text)
    SPI_Cmd                                  0x0800447d   Thumb Code    24  stm32f4xx_spi.o(.text)
    I2S_Cmd                                  0x08004495   Thumb Code    24  stm32f4xx_spi.o(.text)
    SPI_DataSizeConfig                       0x080044ad   Thumb Code    18  stm32f4xx_spi.o(.text)
    SPI_BiDirectionalLineConfig              0x080044bf   Thumb Code    28  stm32f4xx_spi.o(.text)
    SPI_NSSInternalSoftwareConfig            0x080044db   Thumb Code    30  stm32f4xx_spi.o(.text)
    SPI_SSOutputCmd                          0x080044f9   Thumb Code    24  stm32f4xx_spi.o(.text)
    SPI_TIModeCmd                            0x08004511   Thumb Code    24  stm32f4xx_spi.o(.text)
    I2S_FullDuplexConfig                     0x08004529   Thumb Code    80  stm32f4xx_spi.o(.text)
    SPI_I2S_ReceiveData                      0x08004579   Thumb Code     6  stm32f4xx_spi.o(.text)
    SPI_I2S_SendData                         0x0800457f   Thumb Code     4  stm32f4xx_spi.o(.text)
    SPI_CalculateCRC                         0x08004583   Thumb Code    24  stm32f4xx_spi.o(.text)
    SPI_TransmitCRC                          0x0800459b   Thumb Code    10  stm32f4xx_spi.o(.text)
    SPI_GetCRC                               0x080045a5   Thumb Code    16  stm32f4xx_spi.o(.text)
    SPI_GetCRCPolynomial                     0x080045b5   Thumb Code     6  stm32f4xx_spi.o(.text)
    SPI_I2S_DMACmd                           0x080045bb   Thumb Code    18  stm32f4xx_spi.o(.text)
    SPI_I2S_ITConfig                         0x080045cd   Thumb Code    68  stm32f4xx_spi.o(.text)
    SPI_I2S_GetFlagStatus                    0x08004611   Thumb Code    18  stm32f4xx_spi.o(.text)
    SPI_I2S_ClearFlag                        0x08004623   Thumb Code     6  stm32f4xx_spi.o(.text)
    SPI_I2S_GetITStatus                      0x08004629   Thumb Code    52  stm32f4xx_spi.o(.text)
    SPI_I2S_ClearITPendingBit                0x0800465d   Thumb Code    20  stm32f4xx_spi.o(.text)
    SDIO_DeInit                              0x08004671   Thumb Code    22  stm32f4xx_sdio.o(.text)
    SDIO_Init                                0x08004687   Thumb Code    42  stm32f4xx_sdio.o(.text)
    SDIO_StructInit                          0x080046b1   Thumb Code    16  stm32f4xx_sdio.o(.text)
    SDIO_ClockCmd                            0x080046c1   Thumb Code     6  stm32f4xx_sdio.o(.text)
    SDIO_SetPowerState                       0x080046c7   Thumb Code     8  stm32f4xx_sdio.o(.text)
    SDIO_GetPowerState                       0x080046cf   Thumb Code    12  stm32f4xx_sdio.o(.text)
    SDIO_SendCommand                         0x080046db   Thumb Code    42  stm32f4xx_sdio.o(.text)
    SDIO_CmdStructInit                       0x08004705   Thumb Code    14  stm32f4xx_sdio.o(.text)
    SDIO_GetCommandResponse                  0x08004713   Thumb Code    10  stm32f4xx_sdio.o(.text)
    SDIO_GetResponse                         0x0800471d   Thumb Code    22  stm32f4xx_sdio.o(.text)
    SDIO_DataConfig                          0x08004733   Thumb Code    48  stm32f4xx_sdio.o(.text)
    SDIO_DataStructInit                      0x08004763   Thumb Code    20  stm32f4xx_sdio.o(.text)
    SDIO_GetDataCounter                      0x08004777   Thumb Code     8  stm32f4xx_sdio.o(.text)
    SDIO_ReadData                            0x0800477f   Thumb Code     8  stm32f4xx_sdio.o(.text)
    SDIO_WriteData                           0x08004787   Thumb Code     8  stm32f4xx_sdio.o(.text)
    SDIO_GetFIFOCount                        0x0800478f   Thumb Code     8  stm32f4xx_sdio.o(.text)
    SDIO_StartSDIOReadWait                   0x08004797   Thumb Code     6  stm32f4xx_sdio.o(.text)
    SDIO_StopSDIOReadWait                    0x0800479d   Thumb Code     8  stm32f4xx_sdio.o(.text)
    SDIO_SetSDIOReadWaitMode                 0x080047a5   Thumb Code     8  stm32f4xx_sdio.o(.text)
    SDIO_SetSDIOOperation                    0x080047ad   Thumb Code     8  stm32f4xx_sdio.o(.text)
    SDIO_SendSDIOSuspendCmd                  0x080047b5   Thumb Code     6  stm32f4xx_sdio.o(.text)
    SDIO_CommandCompletionCmd                0x080047bb   Thumb Code     8  stm32f4xx_sdio.o(.text)
    SDIO_CEATAITCmd                          0x080047c3   Thumb Code    12  stm32f4xx_sdio.o(.text)
    SDIO_SendCEATACmd                        0x080047cf   Thumb Code     8  stm32f4xx_sdio.o(.text)
    SDIO_DMACmd                              0x080047d7   Thumb Code     8  stm32f4xx_sdio.o(.text)
    SDIO_ITConfig                            0x080047df   Thumb Code    34  stm32f4xx_sdio.o(.text)
    SDIO_GetFlagStatus                       0x08004801   Thumb Code    22  stm32f4xx_sdio.o(.text)
    SDIO_ClearFlag                           0x08004817   Thumb Code     8  stm32f4xx_sdio.o(.text)
    SDIO_GetITStatus                         0x0800481f   Thumb Code    22  stm32f4xx_sdio.o(.text)
    SDIO_ClearITPendingBit                   0x08004835   Thumb Code     8  stm32f4xx_sdio.o(.text)
    DMA_DeInit                               0x0800484d   Thumb Code   324  stm32f4xx_dma.o(.text)
    DMA_Init                                 0x08004991   Thumb Code    82  stm32f4xx_dma.o(.text)
    DMA_StructInit                           0x080049e3   Thumb Code    34  stm32f4xx_dma.o(.text)
    DMA_Cmd                                  0x08004a05   Thumb Code    22  stm32f4xx_dma.o(.text)
    DMA_PeriphIncOffsetSizeConfig            0x08004a1b   Thumb Code    22  stm32f4xx_dma.o(.text)
    DMA_FlowControllerConfig                 0x08004a31   Thumb Code    22  stm32f4xx_dma.o(.text)
    DMA_SetCurrDataCounter                   0x08004a47   Thumb Code     4  stm32f4xx_dma.o(.text)
    DMA_GetCurrDataCounter                   0x08004a4b   Thumb Code     8  stm32f4xx_dma.o(.text)
    DMA_DoubleBufferModeConfig               0x08004a53   Thumb Code    24  stm32f4xx_dma.o(.text)
    DMA_DoubleBufferModeCmd                  0x08004a6b   Thumb Code    22  stm32f4xx_dma.o(.text)
    DMA_MemoryTargetConfig                   0x08004a81   Thumb Code    10  stm32f4xx_dma.o(.text)
    DMA_GetCurrentMemoryTarget               0x08004a8b   Thumb Code    20  stm32f4xx_dma.o(.text)
    DMA_GetCmdStatus                         0x08004a9f   Thumb Code    20  stm32f4xx_dma.o(.text)
    DMA_GetFIFOStatus                        0x08004ab3   Thumb Code    12  stm32f4xx_dma.o(.text)
    DMA_GetFlagStatus                        0x08004abf   Thumb Code    56  stm32f4xx_dma.o(.text)
    DMA_ClearFlag                            0x08004af7   Thumb Code    40  stm32f4xx_dma.o(.text)
    DMA_ITConfig                             0x08004b1f   Thumb Code    58  stm32f4xx_dma.o(.text)
    DMA_GetITStatus                          0x08004b59   Thumb Code    84  stm32f4xx_dma.o(.text)
    DMA_ClearITPendingBit                    0x08004bad   Thumb Code    40  stm32f4xx_dma.o(.text)
    mymemcpy                                 0x08004bf5   Thumb Code    26  malloc.o(.text)
    mymemset                                 0x08004c0f   Thumb Code    20  malloc.o(.text)
    my_mem_init                              0x08004c23   Thumb Code    54  malloc.o(.text)
    my_mem_perused                           0x08004c59   Thumb Code    54  malloc.o(.text)
    my_mem_malloc                            0x08004c8f   Thumb Code   154  malloc.o(.text)
    my_mem_free                              0x08004d29   Thumb Code    94  malloc.o(.text)
    myfree                                   0x08004d87   Thumb Code    32  malloc.o(.text)
    mymalloc                                 0x08004da7   Thumb Code    36  malloc.o(.text)
    myrealloc                                0x08004dcb   Thumb Code    68  malloc.o(.text)
    disk_initialize                          0x08004e21   Thumb Code    32  diskio.o(.text)
    disk_status                              0x08004e41   Thumb Code     6  diskio.o(.text)
    disk_read                                0x08004e47   Thumb Code    86  diskio.o(.text)
    disk_write                               0x08004e9d   Thumb Code    86  diskio.o(.text)
    disk_ioctl                               0x08004ef3   Thumb Code   170  diskio.o(.text)
    get_fattime                              0x08004f9d   Thumb Code     4  diskio.o(.text)
    ff_memalloc                              0x08004fa1   Thumb Code    14  diskio.o(.text)
    ff_memfree                               0x08004faf   Thumb Code    14  diskio.o(.text)
    clust2sect                               0x08005173   Thumb Code    26  ff.o(.text)
    get_fat                                  0x0800518d   Thumb Code   232  ff.o(.text)
    put_fat                                  0x08005275   Thumb Code   310  ff.o(.text)
    dir_sdi                                  0x0800551f   Thumb Code   158  ff.o(.text)
    f_mount                                  0x08006591   Thumb Code    86  ff.o(.text)
    f_open                                   0x080065e7   Thumb Code   384  ff.o(.text)
    f_read                                   0x08006767   Thumb Code   448  ff.o(.text)
    f_write                                  0x08006927   Thumb Code   490  ff.o(.text)
    f_sync                                   0x08006b11   Thumb Code   176  ff.o(.text)
    f_close                                  0x08006bc1   Thumb Code    36  ff.o(.text)
    f_lseek                                  0x08006be5   Thumb Code   654  ff.o(.text)
    f_opendir                                0x08006e73   Thumb Code   136  ff.o(.text)
    f_closedir                               0x08006efb   Thumb Code    22  ff.o(.text)
    f_readdir                                0x08006f11   Thumb Code   114  ff.o(.text)
    f_stat                                   0x08006f83   Thumb Code    84  ff.o(.text)
    f_getfree                                0x08006fd7   Thumb Code   258  ff.o(.text)
    f_truncate                               0x080070d9   Thumb Code   184  ff.o(.text)
    f_unlink                                 0x08007191   Thumb Code   194  ff.o(.text)
    f_mkdir                                  0x08007253   Thumb Code   380  ff.o(.text)
    f_chmod                                  0x080073cf   Thumb Code   112  ff.o(.text)
    f_utime                                  0x0800743f   Thumb Code   110  ff.o(.text)
    f_rename                                 0x080074ad   Thumb Code   314  ff.o(.text)
    f_getlabel                               0x080075e7   Thumb Code   190  ff.o(.text)
    f_setlabel                               0x080076a5   Thumb Code   470  ff.o(.text)
    f_mkfs                                   0x0800787b   Thumb Code  1570  ff.o(.text)
    f_gets                                   0x08007e9d   Thumb Code    82  ff.o(.text)
    f_putc                                   0x08007f33   Thumb Code    64  ff.o(.text)
    f_puts                                   0x08007f73   Thumb Code    74  ff.o(.text)
    f_printf                                 0x08007fbd   Thumb Code   674  ff.o(.text)
    exfuns_init                              0x08008261   Thumb Code   114  exfuns.o(.text)
    char_upper                               0x080082d3   Thumb Code    26  exfuns.o(.text)
    f_typetell                               0x080082ed   Thumb Code   180  exfuns.o(.text)
    exf_getfree                              0x080083a1   Thumb Code    74  exfuns.o(.text)
    ff_convert                               0x08008401   Thumb Code    10  mycc936.o(.text)
    ff_wtoupper                              0x0800840b   Thumb Code    46  mycc936.o(.text)
    flac_init                                0x08008441   Thumb Code   374  flacplay.o(.text)
    flac_i2s_dma_tx_callback                 0x080085b7   Thumb Code   174  flacplay.o(.text)
    flac_get_curtime                         0x08008665   Thumb Code    76  flacplay.o(.text)
    flac_file_seek                           0x080086b1   Thumb Code    38  flacplay.o(.text)
    flac_play_song                           0x080086d7   Thumb Code  1380  flacplay.o(.text)
    mp3_i2s_dma_tx_callback                  0x08008c69   Thumb Code    96  mp3play.o(.text)
    mp3_fill_buffer                          0x08008cc9   Thumb Code   100  mp3play.o(.text)
    mp3_id3v1_decode                         0x08008d2d   Thumb Code    64  mp3play.o(.text)
    mp3_id3v2_decode                         0x08008d6d   Thumb Code   230  mp3play.o(.text)
    mp3_get_info                             0x08008e53   Thumb Code   630  mp3play.o(.text)
    mp3_get_curtime                          0x080090c9   Thumb Code    42  mp3play.o(.text)
    mp3_file_seek                            0x080090f3   Thumb Code    38  mp3play.o(.text)
    mp3_play_song                            0x08009119   Thumb Code   884  mp3play.o(.text)
    ape_i2s_dma_tx_callback                  0x08009501   Thumb Code    96  apeplay.o(.text)
    ape_fill_buffer                          0x08009561   Thumb Code    60  apeplay.o(.text)
    ape_get_curtime                          0x0800959d   Thumb Code    76  apeplay.o(.text)
    ape_file_seek                            0x080095e9   Thumb Code    10  apeplay.o(.text)
    ape_play_song                            0x080095f3   Thumb Code  1204  apeplay.o(.text)
    wav_decode_init                          0x08009ab5   Thumb Code   314  wavplay.o(.text)
    wav_buffill                              0x08009bef   Thumb Code   236  wavplay.o(.text)
    wav_i2s_dma_tx_callback                  0x08009cdb   Thumb Code    96  wavplay.o(.text)
    wav_get_curtime                          0x08009d3b   Thumb Code    74  wavplay.o(.text)
    wav_play_song                            0x08009d85   Thumb Code   918  wavplay.o(.text)
    dsf_decode_init                          0x0800a141   Thumb Code   268  sacd_dsf.o(.text)
    get_channelcount                         0x0800a24d   Thumb Code     6  sacd_dsf.o(.text)
    get_samplerate                           0x0800a253   Thumb Code     4  sacd_dsf.o(.text)
    get_duration                             0x0800a257   Thumb Code    78  sacd_dsf.o(.text)
    dsf_buffill_left                         0x0800a2a5   Thumb Code    52  sacd_dsf.o(.text)
    dsf_buffill_right                        0x0800a2d9   Thumb Code    56  sacd_dsf.o(.text)
    dsf_i2s_dma_tx_callback                  0x0800a311   Thumb Code   186  sacd_dsf.o(.text)
    dsf_play_song                            0x0800a3cb   Thumb Code   850  sacd_dsf.o(.text)
    audio_start                              0x0800a72d   Thumb Code    18  audioplay.o(.text)
    audio_stop                               0x0800a73f   Thumb Code    18  audioplay.o(.text)
    audio_get_tnum                           0x0800a751   Thumb Code   116  audioplay.o(.text)
    audio_index_show                         0x0800a7c5   Thumb Code    18  audioplay.o(.text)
    audio_msg_show                           0x0800a7d7   Thumb Code    74  audioplay.o(.text)
    audio_play_song                          0x0800a821   Thumb Code   108  audioplay.o(.text)
    audio_play                               0x0800a88d   Thumb Code   368  audioplay.o(.text)
    xmp3_SetBitstreamPointer                 0x0800aaa5   Thumb Code    12  bitstream.o(.text)
    xmp3_GetBits                             0x0800ab39   Thumb Code    80  bitstream.o(.text)
    xmp3_CalcBitsUsed                        0x0800ab89   Thumb Code    18  bitstream.o(.text)
    xmp3_CheckPadBit                         0x0800ab9b   Thumb Code    28  bitstream.o(.text)
    xmp3_UnpackFrameHeader                   0x0800abb7   Thumb Code   476  bitstream.o(.text)
    xmp3_UnpackSideInfo                      0x0800ad93   Thumb Code   556  bitstream.o(.text)
    ClearBuffer                              0x0800afd9   Thumb Code    22  buffers.o(.text)
    xmp3_FreeBuffers                         0x0800afef   Thumb Code   134  buffers.o(.text)
    xmp3_AllocateBuffers                     0x0800b075   Thumb Code   250  buffers.o(.text)
    xmp3_FDCT32                              0x0800b171   Thumb Code  3372  dct32.o(.text)
    xmp3_Dequantize                          0x0800beb9   Thumb Code   640  dequant.o(.text)
    xmp3_DequantChannel                      0x0800c2ed   Thumb Code   662  dqchan.o(.text)
    xmp3_DecodeHuffman                       0x0800ca73   Thumb Code   538  huffman.o(.text)
    xmp3_IMDCT                               0x0800dac7   Thumb Code   522  imdct.o(.text)
    MP3InitDecoder                           0x0800dcd1   Thumb Code    12  mp3dec.o(.text)
    MP3FreeDecoder                           0x0800dcdd   Thumb Code    20  mp3dec.o(.text)
    MP3FindSyncWord                          0x0800dcf1   Thumb Code    44  mp3dec.o(.text)
    MP3GetLastFrameInfo                      0x0800dd81   Thumb Code    94  mp3dec.o(.text)
    MP3GetNextFrameInfo                      0x0800dddf   Thumb Code    60  mp3dec.o(.text)
    MP3Decode                                0x0800de45   Thumb Code   804  mp3dec.o(.text)
    xmp3_UnpackScaleFactors                  0x0800e5d3   Thumb Code   296  scalfact.o(.text)
    xmp3_MidSideProc                         0x0800e6fd   Thumb Code   106  stproc.o(.text)
    xmp3_IntensityProcMPEG1                  0x0800e767   Thumb Code   744  stproc.o(.text)
    xmp3_IntensityProcMPEG2                  0x0800ea4f   Thumb Code   718  stproc.o(.text)
    xmp3_Subband                             0x0800ed21   Thumb Code   272  subband.o(.text)
    xmp3_MULSHIFT32                          0x0800ee35   Thumb Code     6  asmmisc_rvds.o(.text)
    xmp3_FASTABS                             0x0800ee3b   Thumb Code    16  asmmisc_rvds.o(.text)
    xmp3_PolyphaseStereo                     0x0800ee4d   Thumb Code  1308  asmpoly_thumb2_rvds.o(.text)
    xmp3_PolyphaseMono                       0x0800f369   Thumb Code   754  asmpoly_thumb2_rvds.o(.text)
    init_frame_decoder                       0x0800f65d   Thumb Code    76  apedecoder.o(.text)
    ape_seek_frame                           0x0800f6a9   Thumb Code   112  apedecoder.o(.text)
    decode_chunk                             0x0800f719   Thumb Code   344  apedecoder.o(.text)
    init_entropy_decoder                     0x0800fad9   Thumb Code   228  entropy.o(.text)
    entropy_decode                           0x0800fbbd   Thumb Code   232  entropy.o(.text)
    init_filter_16_11                        0x080101a1   Thumb Code    26  filter_16_11.o(.text)
    apply_filter_16_11                       0x080101bb   Thumb Code    62  filter_16_11.o(.text)
    init_filter_64_11                        0x0801096d   Thumb Code    26  filter_64_11.o(.text)
    apply_filter_64_11                       0x08010987   Thumb Code    62  filter_64_11.o(.text)
    ape_parseheaderbuf                       0x080109c9   Thumb Code   594  parser.o(.text)
    ape_parseheader                          0x08010c9b   Thumb Code   980  parser.o(.text)
    ape_dumpinfo                             0x0801106f   Thumb Code   322  parser.o(.text)
    init_predictor_decoder                   0x080114d1   Thumb Code    84  predictor.o(.text)
    predictor_decode_stereo                  0x08011529   Thumb Code   798  predictor-arm.o(.text)
    predictor_decode_mono                    0x08011847   Thumb Code   264  predictor-arm.o(.text)
    get_bits_long                            0x080119a5   Thumb Code    46  bitstreamf.o(.text)
    show_bits_long                           0x080119d3   Thumb Code    84  bitstreamf.o(.text)
    align_get_bits                           0x08011a27   Thumb Code    26  bitstreamf.o(.text)
    decode_subframe_lpc                      0x08011e6d   Thumb Code   410  flacdecoder.o(.text)
    flac_seek_frame                          0x080122e9   Thumb Code   122  flacdecoder.o(.text)
    flac_decode_frame24                      0x08012363   Thumb Code   250  flacdecoder.o(.text)
    flac_decode_frame16                      0x0801245d   Thumb Code   320  flacdecoder.o(.text)
    __use_no_semihosting                     0x080125b1   Thumb Code     2  use_no_semi_2.o(.text)
    __aeabi_lasr                             0x080125b3   Thumb Code     0  llsshr.o(.text)
    _ll_sshift_r                             0x080125b3   Thumb Code    38  llsshr.o(.text)
    __aeabi_ldivmod                          0x080125d9   Thumb Code     0  llsdiv.o(.text)
    _ll_sdiv                                 0x080125d9   Thumb Code    72  llsdiv.o(.text)
    __2printf                                0x08012621   Thumb Code    20  noretval__2printf.o(.text)
    _printf_pre_padding                      0x08012639   Thumb Code    44  _printf_pad.o(.text)
    _printf_post_padding                     0x08012665   Thumb Code    34  _printf_pad.o(.text)
    _printf_str                              0x08012687   Thumb Code    82  _printf_str.o(.text)
    _printf_int_dec                          0x080126d9   Thumb Code   104  _printf_dec.o(.text)
    _printf_int_hex                          0x08012751   Thumb Code    84  _printf_hex_int.o(.text)
    _printf_longlong_hex                     0x08012751   Thumb Code     0  _printf_hex_int.o(.text)
    __printf                                 0x080127a9   Thumb Code   388  __printf_flags_ss_wp.o(.text)
    memcmp                                   0x08012931   Thumb Code    88  memcmp.o(.text)
    strcpy                                   0x08012989   Thumb Code    72  strcpy.o(.text)
    strncmp                                  0x080129d1   Thumb Code   150  strncmp.o(.text)
    strcat                                   0x08012a67   Thumb Code    24  strcat.o(.text)
    __aeabi_memcpy                           0x08012a7f   Thumb Code     0  rt_memcpy_v6.o(.text)
    __rt_memcpy                              0x08012a7f   Thumb Code   138  rt_memcpy_v6.o(.text)
    _memcpy_lastbytes                        0x08012ae5   Thumb Code     0  rt_memcpy_v6.o(.text)
    __aeabi_memmove                          0x08012b09   Thumb Code     0  rt_memmove_v6.o(.text)
    __rt_memmove                             0x08012b09   Thumb Code   132  rt_memmove_v6.o(.text)
    __memmove_lastfew                        0x08012b69   Thumb Code     0  rt_memmove_v6.o(.text)
    __aeabi_memclr                           0x08012b8d   Thumb Code     0  rt_memclr.o(.text)
    __rt_memclr                              0x08012b8d   Thumb Code    68  rt_memclr.o(.text)
    _memset                                  0x08012b91   Thumb Code     0  rt_memclr.o(.text)
    __aeabi_memclr4                          0x08012bd1   Thumb Code     0  rt_memclr_w.o(.text)
    __aeabi_memclr8                          0x08012bd1   Thumb Code     0  rt_memclr_w.o(.text)
    __rt_memclr_w                            0x08012bd1   Thumb Code    78  rt_memclr_w.o(.text)
    _memset_w                                0x08012bd5   Thumb Code     0  rt_memclr_w.o(.text)
    strncpy                                  0x08012c1f   Thumb Code    86  strncpy.o(.text)
    strcmp                                   0x08012c75   Thumb Code   128  strcmpv7m.o(.text)
    __use_two_region_memory                  0x08012cf5   Thumb Code     2  heapauxi.o(.text)
    __rt_heap_escrow$2region                 0x08012cf7   Thumb Code     2  heapauxi.o(.text)
    __rt_heap_expand$2region                 0x08012cf9   Thumb Code     2  heapauxi.o(.text)
    __I$use$semihosting                      0x08012cfb   Thumb Code     0  use_no_semi.o(.text)
    __use_no_semihosting_swi                 0x08012cfb   Thumb Code     2  use_no_semi.o(.text)
    __aeabi_uldivmod                         0x08012cfd   Thumb Code     0  lludivv7m.o(.text)
    _ll_udiv                                 0x08012cfd   Thumb Code   238  lludivv7m.o(.text)
    _printf_int_common                       0x08012deb   Thumb Code   178  _printf_intcommon.o(.text)
    _printf_cs_common                        0x08012e9d   Thumb Code    20  _printf_char.o(.text)
    _printf_char                             0x08012eb1   Thumb Code    16  _printf_char.o(.text)
    _printf_string                           0x08012ec1   Thumb Code     8  _printf_char.o(.text)
    _printf_char_file                        0x08012ec9   Thumb Code    32  _printf_char_file.o(.text)
    __aeabi_memcpy4                          0x08012eed   Thumb Code     0  rt_memcpy_w.o(.text)
    __aeabi_memcpy8                          0x08012eed   Thumb Code     0  rt_memcpy_w.o(.text)
    __rt_memcpy_w                            0x08012eed   Thumb Code   100  rt_memcpy_w.o(.text)
    _memcpy_lastbytes_aligned                0x08012f35   Thumb Code     0  rt_memcpy_w.o(.text)
    __aeabi_memmove4                         0x08012f51   Thumb Code     0  rt_memmove_w.o(.text)
    __aeabi_memmove8                         0x08012f51   Thumb Code     0  rt_memmove_w.o(.text)
    __rt_memmove_w                           0x08012f51   Thumb Code   122  rt_memmove_w.o(.text)
    __memmove_aligned                        0x08012f77   Thumb Code     0  rt_memmove_w.o(.text)
    __memmove_lastfew_aligned                0x08012faf   Thumb Code     0  rt_memmove_w.o(.text)
    _printf_char_common                      0x08012fd7   Thumb Code    32  _printf_char_common.o(.text)
    ferror                                   0x08012ffd   Thumb Code     8  ferror.o(.text)
    __user_setup_stackheap                   0x08013005   Thumb Code    74  sys_stackheap_outer.o(.text)
    exit                                     0x0801304f   Thumb Code    18  exit.o(.text)
    __user_libspace                          0x08013061   Thumb Code     8  libspace.o(.text)
    __user_perproc_libspace                  0x08013061   Thumb Code     0  libspace.o(.text)
    __user_perthread_libspace                0x08013061   Thumb Code     0  libspace.o(.text)
    _is_digit                                0x08013069   Thumb Code    14  __printf_wp.o(i._is_digit)
    __aeabi_dadd                             0x08013079   Thumb Code     0  daddsub_clz.o(x$fpl$dadd)
    _dadd                                    0x08013079   Thumb Code   332  daddsub_clz.o(x$fpl$dadd)
    __aeabi_ui2d                             0x080131c9   Thumb Code     0  dflt_clz.o(x$fpl$dfltu)
    _dfltu                                   0x080131c9   Thumb Code    38  dflt_clz.o(x$fpl$dfltu)
    __aeabi_dmul                             0x080131f1   Thumb Code     0  dmul.o(x$fpl$dmul)
    _dmul                                    0x080131f1   Thumb Code   332  dmul.o(x$fpl$dmul)
    __fpl_dnaninf                            0x08013345   Thumb Code   156  dnaninf.o(x$fpl$dnaninf)
    __fpl_dretinf                            0x080133e1   Thumb Code    12  dretinf.o(x$fpl$dretinf)
    __aeabi_dsub                             0x080133ed   Thumb Code     0  daddsub_clz.o(x$fpl$dsub)
    _dsub                                    0x080133ed   Thumb Code   464  daddsub_clz.o(x$fpl$dsub)
    _fp_init                                 0x080135c1   Thumb Code    10  fpinit.o(x$fpl$fpinit)
    __fplib_config_fpu_vfp                   0x080135c9   Thumb Code     0  fpinit.o(x$fpl$fpinit)
    __fplib_config_pureend_doubles           0x080135c9   Thumb Code     0  fpinit.o(x$fpl$fpinit)
    I2S_PSC_TBL                              0x080135ca   Data         110  i2s.o(.constdata)
    __I$use$fp                               0x080135ca   Number         0  usenofp.o(x$fpl$usenofp)
    memtblsize                               0x08013638   Data          12  malloc.o(.constdata)
    memblksize                               0x08013644   Data          12  malloc.o(.constdata)
    memsize                                  0x08013650   Data          12  malloc.o(.constdata)
    FILE_TYPE_TBL                            0x08013698   Data         140  exfuns.o(.constdata)
    xmp3_huffTable                           0x08013df4   Data        8484  hufftabs.o(.constdata)
    xmp3_huffTabOffset                       0x08015f18   Data         128  hufftabs.o(.constdata)
    xmp3_huffTabLookup                       0x08015f98   Data         256  hufftabs.o(.constdata)
    xmp3_quadTable                           0x08016098   Data          80  hufftabs.o(.constdata)
    xmp3_quadTabOffset                       0x080160e8   Data           8  hufftabs.o(.constdata)
    xmp3_quadTabMaxBits                      0x080160f0   Data           8  hufftabs.o(.constdata)
    xmp3_samplerateTab                       0x08016170   Data          36  mp3tabs.o(.constdata)
    xmp3_bitrateTab                          0x08016194   Data         270  mp3tabs.o(.constdata)
    xmp3_samplesPerFrameTab                  0x080162a2   Data          18  mp3tabs.o(.constdata)
    xmp3_bitsPerSlotTab                      0x080162b4   Data           6  mp3tabs.o(.constdata)
    xmp3_sideBytesTab                        0x080162ba   Data          12  mp3tabs.o(.constdata)
    xmp3_slotTab                             0x080162c6   Data         270  mp3tabs.o(.constdata)
    xmp3_sfBandTable                         0x080163d4   Data         666  mp3tabs.o(.constdata)
    xmp3_imdctWin                            0x080166d8   Data         576  trigtabs.o(.constdata)
    xmp3_ISFMpeg1                            0x08016918   Data          56  trigtabs.o(.constdata)
    xmp3_ISFMpeg2                            0x08016950   Data         256  trigtabs.o(.constdata)
    xmp3_ISFIIP                              0x08016a50   Data          16  trigtabs.o(.constdata)
    xmp3_uniqueIDTab                         0x08016a60   Data           8  trigtabs.o(.constdata)
    xmp3_csa                                 0x08016a68   Data          64  trigtabs.o(.constdata)
    xmp3_coef32                              0x08016aa8   Data         124  trigtabs.o(.constdata)
    xmp3_polyCoef                            0x08016b24   Data        1056  trigtabs.o(.constdata)
    ff_log2_tab                              0x080174fc   Data         256  tables.o(.constdata)
    Region$$Table$$Base                      0x08017680   Number         0  anon$$obj.o(Region$$Table)
    Region$$Table$$Limit                     0x080176a0   Number         0  anon$$obj.o(Region$$Table)
    mem3base                                 0x10000000   Data       61440  malloc.o(.ARM.__AT_0x10000000)
    mem3mapbase                              0x1000f000   Data        3840  malloc.o(.ARM.__AT_0x1000F000)
    SystemCoreClock                          0x20000000   Data           4  system_stm32f4xx.o(.data)
    AHBPrescTable                            0x20000004   Data          16  system_stm32f4xx.o(.data)
    TransferError                            0x20000022   Data           1  sdio_sdcard.o(.data)
    TransferEnd                              0x20000023   Data           1  sdio_sdcard.o(.data)
    tempbuff                                 0x20000024   Data           4  sdio_sdcard.o(.data)
    i2s_tx_callback                          0x20000028   Data           4  i2s.o(.data)
    font6x8                                  0x20000032   Data         552  nokia5110.o(.data)
    biaodianfuhao                            0x2000025a   Data         448  nokia5110.o(.data)
    quanjiaofuhao                            0x2000041a   Data         128  nokia5110.o(.data)
    num                                      0x2000049a   Data         160  nokia5110.o(.data)
    zimux                                    0x2000053a   Data         416  nokia5110.o(.data)
    zimud                                    0x200006da   Data         416  nokia5110.o(.data)
    hanzi                                    0x2000087a   Data         192  nokia5110.o(.data)
    pic                                      0x2000093a   Data         504  nokia5110.o(.data)
    hanzi2                                   0x20000b32   Data         168  nokia5110.o(.data)
    __stdout                                 0x20000bdc   Data           4  usart.o(.data)
    USART_RX_STA                             0x20000be0   Data           2  usart.o(.data)
    mallco_dev                               0x20000bf8   Data          36  malloc.o(.data)
    FLASH_SECTOR_COUNT                       0x20000c1c   Data           2  diskio.o(.data)
    file                                     0x20000c20   Data           4  exfuns.o(.data)
    ftemp                                    0x20000c24   Data           4  exfuns.o(.data)
    br                                       0x20000c28   Data           4  exfuns.o(.data)
    bw                                       0x20000c2c   Data           4  exfuns.o(.data)
    fatbuf                                   0x20000c30   Data           4  exfuns.o(.data)
    flacctrl                                 0x20000c34   Data           4  flacplay.o(.data)
    flactransferend                          0x20000c38   Data           1  flacplay.o(.data)
    flacwitchbuf                             0x20000c39   Data           1  flacplay.o(.data)
    mp3ctrl                                  0x20000c3c   Data           4  mp3play.o(.data)
    mp3transferend                           0x20000c40   Data           1  mp3play.o(.data)
    mp3witchbuf                              0x20000c41   Data           1  mp3play.o(.data)
    apectrl                                  0x20000c44   Data           4  apeplay.o(.data)
    apetransferend                           0x20000c48   Data           1  apeplay.o(.data)
    apewitchbuf                              0x20000c49   Data           1  apeplay.o(.data)
    wavtransferend                           0x20000c4a   Data           1  wavplay.o(.data)
    wavwitchbuf                              0x20000c4b   Data           1  wavplay.o(.data)
    dsftransferend                           0x20000c4c   Data           1  sacd_dsf.o(.data)
    dsfwitchbuf_left                         0x20000c4d   Data           1  sacd_dsf.o(.data)
    dsfwitchbuf_right                        0x20000c4e   Data           1  sacd_dsf.o(.data)
    filterbuf64                              0x20000c54   Data           4  apedecoder.o(.data)
    filterbuf256                             0x20000c58   Data           4  apedecoder.o(.data)
    filterbuf1280                            0x20000c5c   Data           4  apedecoder.o(.data)
    SDIO_InitStructure                       0x20000c78   Data          24  sdio_sdcard.o(.bss)
    SDIO_CmdInitStructure                    0x20000c90   Data          20  sdio_sdcard.o(.bss)
    SDIO_DataInitStructure                   0x20000ca4   Data          24  sdio_sdcard.o(.bss)
    SDCardInfo                               0x20000ce0   Data          88  sdio_sdcard.o(.bss)
    SDIO_DATA_BUFFER                         0x20000d38   Data         512  sdio_sdcard.o(.bss)
    USART_RX_BUF                             0x20000f38   Data         200  usart.o(.bss)
    mem1base                                 0x20001000   Data       102400  malloc.o(.bss)
    mem1mapbase                              0x2001a000   Data        6400  malloc.o(.bss)
    fs                                       0x2001b90c   Data          12  exfuns.o(.bss)
    fileinfo                                 0x2001b918   Data          32  exfuns.o(.bss)
    dir                                      0x2001b938   Data          36  exfuns.o(.bss)
    wavctrl                                  0x2001b95c   Data          32  wavplay.o(.bss)
    tbuf                                     0x2001b97c   Data        8192  wavplay.o(.bss)
    dsfctrl                                  0x2001d97c   Data          28  sacd_dsf.o(.bss)
    audiodev                                 0x2001d998   Data          68  audioplay.o(.bss)
    __libspace_start                         0x2001da3c   Data          96  libspace.o(.bss)
    __temporary_stack_top$libspace           0x2001da9c   Data           0  libspace.o(.bss)
    mem2base                                 0x68000000   Data       983040  malloc.o(.ARM.__AT_0x68000000)
    mem2mapbase                              0x680f0000   Data       61440  malloc.o(.ARM.__AT_0x680F0000)



==============================================================================

Memory Map of the image

  Image Entry point : 0x08000189

  Load Region LR_IROM1 (Base: 0x08000000, Size: 0x00018318, Max: 0x00100000, ABSOLUTE, COMPRESSED[0x00017ee4])

    Execution Region ER_IROM1 (Base: 0x08000000, Size: 0x000176a0, Max: 0x00100000, ABSOLUTE)

    Base Addr    Size         Type   Attr      Idx    E Section Name        Object

    0x08000000   0x00000188   Data   RO          540    RESET               startup_stm32f40_41xxx.o
    0x08000188   0x00000008   Code   RO         1671  * !!!main             c_w.l(__main.o)
    0x08000190   0x00000034   Code   RO         1878    !!!scatter          c_w.l(__scatter.o)
    0x080001c4   0x0000005a   Code   RO         1876    !!dczerorl2         c_w.l(__dczerorl2.o)
    0x0800021e   0x00000002   PAD
    0x08000220   0x0000001c   Code   RO         1880    !!handler_zi        c_w.l(__scatter_zi.o)
    0x0800023c   0x00000000   Code   RO         1648    .ARM.Collect$$_printf_percent$$00000000  c_w.l(_printf_percent.o)
    0x0800023c   0x00000006   Code   RO         1646    .ARM.Collect$$_printf_percent$$00000009  c_w.l(_printf_d.o)
    0x08000242   0x00000006   Code   RO         1647    .ARM.Collect$$_printf_percent$$0000000A  c_w.l(_printf_u.o)
    0x08000248   0x00000006   Code   RO         1645    .ARM.Collect$$_printf_percent$$0000000C  c_w.l(_printf_x.o)
    0x0800024e   0x00000006   Code   RO         1643    .ARM.Collect$$_printf_percent$$00000013  c_w.l(_printf_c.o)
    0x08000254   0x00000006   Code   RO         1644    .ARM.Collect$$_printf_percent$$00000014  c_w.l(_printf_s.o)
    0x0800025a   0x00000004   Code   RO         1698    .ARM.Collect$$_printf_percent$$00000017  c_w.l(_printf_percent_end.o)
    0x0800025e   0x00000002   Code   RO         1746    .ARM.Collect$$libinit$$00000000  c_w.l(libinit.o)
    0x08000260   0x00000004   Code   RO         1756    .ARM.Collect$$libinit$$00000001  c_w.l(libinit2.o)
    0x08000264   0x00000000   Code   RO         1759    .ARM.Collect$$libinit$$00000004  c_w.l(libinit2.o)
    0x08000264   0x00000000   Code   RO         1762    .ARM.Collect$$libinit$$0000000A  c_w.l(libinit2.o)
    0x08000264   0x00000000   Code   RO         1764    .ARM.Collect$$libinit$$0000000C  c_w.l(libinit2.o)
    0x08000264   0x00000000   Code   RO         1766    .ARM.Collect$$libinit$$0000000E  c_w.l(libinit2.o)
    0x08000264   0x00000000   Code   RO         1769    .ARM.Collect$$libinit$$00000011  c_w.l(libinit2.o)
    0x08000264   0x00000000   Code   RO         1771    .ARM.Collect$$libinit$$00000013  c_w.l(libinit2.o)
    0x08000264   0x00000000   Code   RO         1773    .ARM.Collect$$libinit$$00000015  c_w.l(libinit2.o)
    0x08000264   0x00000000   Code   RO         1775    .ARM.Collect$$libinit$$00000017  c_w.l(libinit2.o)
    0x08000264   0x00000000   Code   RO         1777    .ARM.Collect$$libinit$$00000019  c_w.l(libinit2.o)
    0x08000264   0x00000000   Code   RO         1779    .ARM.Collect$$libinit$$0000001B  c_w.l(libinit2.o)
    0x08000264   0x00000000   Code   RO         1781    .ARM.Collect$$libinit$$0000001D  c_w.l(libinit2.o)
    0x08000264   0x00000000   Code   RO         1783    .ARM.Collect$$libinit$$0000001F  c_w.l(libinit2.o)
    0x08000264   0x00000000   Code   RO         1785    .ARM.Collect$$libinit$$00000021  c_w.l(libinit2.o)
    0x08000264   0x00000000   Code   RO         1787    .ARM.Collect$$libinit$$00000023  c_w.l(libinit2.o)
    0x08000264   0x00000000   Code   RO         1789    .ARM.Collect$$libinit$$00000025  c_w.l(libinit2.o)
    0x08000264   0x00000000   Code   RO         1793    .ARM.Collect$$libinit$$0000002C  c_w.l(libinit2.o)
    0x08000264   0x00000000   Code   RO         1795    .ARM.Collect$$libinit$$0000002E  c_w.l(libinit2.o)
    0x08000264   0x00000000   Code   RO         1797    .ARM.Collect$$libinit$$00000030  c_w.l(libinit2.o)
    0x08000264   0x00000000   Code   RO         1799    .ARM.Collect$$libinit$$00000032  c_w.l(libinit2.o)
    0x08000264   0x00000002   Code   RO         1800    .ARM.Collect$$libinit$$00000033  c_w.l(libinit2.o)
    0x08000266   0x00000002   Code   RO         1828    .ARM.Collect$$libshutdown$$00000000  c_w.l(libshutdown.o)
    0x08000268   0x00000000   Code   RO         1842    .ARM.Collect$$libshutdown$$00000002  c_w.l(libshutdown2.o)
    0x08000268   0x00000000   Code   RO         1844    .ARM.Collect$$libshutdown$$00000004  c_w.l(libshutdown2.o)
    0x08000268   0x00000000   Code   RO         1847    .ARM.Collect$$libshutdown$$00000007  c_w.l(libshutdown2.o)
    0x08000268   0x00000000   Code   RO         1850    .ARM.Collect$$libshutdown$$0000000A  c_w.l(libshutdown2.o)
    0x08000268   0x00000000   Code   RO         1852    .ARM.Collect$$libshutdown$$0000000C  c_w.l(libshutdown2.o)
    0x08000268   0x00000000   Code   RO         1855    .ARM.Collect$$libshutdown$$0000000F  c_w.l(libshutdown2.o)
    0x08000268   0x00000002   Code   RO         1856    .ARM.Collect$$libshutdown$$00000010  c_w.l(libshutdown2.o)
    0x0800026a   0x00000000   Code   RO         1689    .ARM.Collect$$rtentry$$00000000  c_w.l(__rtentry.o)
    0x0800026a   0x00000000   Code   RO         1709    .ARM.Collect$$rtentry$$00000002  c_w.l(__rtentry2.o)
    0x0800026a   0x00000006   Code   RO         1721    .ARM.Collect$$rtentry$$00000004  c_w.l(__rtentry4.o)
    0x08000270   0x00000000   Code   RO         1711    .ARM.Collect$$rtentry$$00000009  c_w.l(__rtentry2.o)
    0x08000270   0x00000004   Code   RO         1712    .ARM.Collect$$rtentry$$0000000A  c_w.l(__rtentry2.o)
    0x08000274   0x00000000   Code   RO         1714    .ARM.Collect$$rtentry$$0000000C  c_w.l(__rtentry2.o)
    0x08000274   0x00000008   Code   RO         1715    .ARM.Collect$$rtentry$$0000000D  c_w.l(__rtentry2.o)
    0x0800027c   0x00000002   Code   RO         1750    .ARM.Collect$$rtexit$$00000000  c_w.l(rtexit.o)
    0x0800027e   0x00000000   Code   RO         1802    .ARM.Collect$$rtexit$$00000002  c_w.l(rtexit2.o)
    0x0800027e   0x00000004   Code   RO         1803    .ARM.Collect$$rtexit$$00000003  c_w.l(rtexit2.o)
    0x08000282   0x00000006   Code   RO         1804    .ARM.Collect$$rtexit$$00000004  c_w.l(rtexit2.o)
    0x08000288   0x00000010   Code   RO          469    .emb_text           sys.o
    0x08000298   0x00000058   Code   RO            3    .text               main.o
    0x080002f0   0x0000001a   Code   RO          185    .text               stm32f4xx_it.o
    0x0800030a   0x00000002   PAD
    0x0800030c   0x00000210   Code   RO          234    .text               system_stm32f4xx.o
    0x0800051c   0x00000108   Code   RO          260    .text               key.o
    0x08000624   0x00001d60   Code   RO          304    .text               sdio_sdcard.o
    0x08002384   0x000002c4   Code   RO          338    .text               myiic.o
    0x08002648   0x00000590   Code   RO          361    .text               i2s.o
    0x08002bd8   0x000001f0   Code   RO          388    .text               ak4595.o
    0x08002dc8   0x00000388   Code   RO          410    .text               nokia5110.o
    0x08003150   0x00000138   Code   RO          487    .text               usart.o
    0x08003288   0x00000104   Code   RO          518    .text               delay.o
    0x0800338c   0x00000040   Code   RO          541    .text               startup_stm32f40_41xxx.o
    0x080033cc   0x000000e0   Code   RO          547    .text               misc.o
    0x080034ac   0x00000294   Code   RO          567    .text               stm32f4xx_gpio.o
    0x08003740   0x0000065c   Code   RO          610    .text               stm32f4xx_rcc.o
    0x08003d9c   0x00000454   Code   RO          632    .text               stm32f4xx_usart.o
    0x080041f0   0x00000480   Code   RO          692    .text               stm32f4xx_spi.o
    0x08004670   0x000001dc   Code   RO          712    .text               stm32f4xx_sdio.o
    0x0800484c   0x000003a8   Code   RO          732    .text               stm32f4xx_dma.o
    0x08004bf4   0x0000022c   Code   RO          752    .text               malloc.o
    0x08004e20   0x000001a4   Code   RO          784    .text               diskio.o
    0x08004fc4   0x0000329a   Code   RO          812    .text               ff.o
    0x0800825e   0x00000002   PAD
    0x08008260   0x000001a0   Code   RO          836    .text               exfuns.o
    0x08008400   0x00000040   Code   RO          902    .text               mycc936.o
    0x08008440   0x00000828   Code   RO          927    .text               flacplay.o
    0x08008c68   0x00000898   Code   RO          966    .text               mp3play.o
    0x08009500   0x000005b4   Code   RO          999    .text               apeplay.o
    0x08009ab4   0x0000068c   Code   RO         1035    .text               wavplay.o
    0x0800a140   0x000005ec   Code   RO         1059    .text               sacd_dsf.o
    0x0800a72c   0x00000378   Code   RO         1089    .text               audioplay.o
    0x0800aaa4   0x00000534   Code   RO         1139    .text               bitstream.o
    0x0800afd8   0x00000196   Code   RO         1167    .text               buffers.o
    0x0800b16e   0x00000002   PAD
    0x0800b170   0x00000d2c   Code   RO         1185    .text               dct32.o
    0x0800be9c   0x000002a0   Code   RO         1199    .text               dequant.o
    0x0800c13c   0x00000446   Code   RO         1214    .text               dqchan.o
    0x0800c582   0x00000002   PAD
    0x0800c584   0x00000720   Code   RO         1228    .text               huffman.o
    0x0800cca4   0x0000102c   Code   RO         1253    .text               imdct.o
    0x0800dcd0   0x0000049c   Code   RO         1270    .text               mp3dec.o
    0x0800e16c   0x0000058e   Code   RO         1294    .text               scalfact.o
    0x0800e6fa   0x00000002   PAD
    0x0800e6fc   0x00000624   Code   RO         1308    .text               stproc.o
    0x0800ed20   0x00000114   Code   RO         1320    .text               subband.o
    0x0800ee34   0x00000016   Code   RO         1345    .text               asmmisc_rvds.o
    0x0800ee4a   0x00000002   PAD
    0x0800ee4c   0x0000080e   Code   RO         1349    .text               asmpoly_thumb2_rvds.o
    0x0800f65a   0x00000002   PAD
    0x0800f65c   0x00000218   Code   RO         1355    .text               apedecoder.o
    0x0800f874   0x0000047c   Code   RO         1385    .text               entropy.o
    0x0800fcf0   0x0000050c   Code   RO         1403    .text               filter_16_11.o
    0x080101fc   0x000007cc   Code   RO         1456    .text               filter_64_11.o
    0x080109c8   0x00000b08   Code   RO         1481    .text               parser.o
    0x080114d0   0x00000058   Code   RO         1502    .text               predictor.o
    0x08011528   0x00000426   Code   RO         1516    .text               predictor-arm.o
    0x0801194e   0x000000fe   Code   RO         1520    .text               bitstreamf.o
    0x08011a4c   0x00000b64   Code   RO         1540    .text               flacdecoder.o
    0x080125b0   0x00000002   Code   RO         1584    .text               c_w.l(use_no_semi_2.o)
    0x080125b2   0x00000026   Code   RO         1586    .text               c_w.l(llsshr.o)
    0x080125d8   0x00000048   Code   RO         1588    .text               c_w.l(llsdiv.o)
    0x08012620   0x00000018   Code   RO         1592    .text               c_w.l(noretval__2printf.o)
    0x08012638   0x0000004e   Code   RO         1596    .text               c_w.l(_printf_pad.o)
    0x08012686   0x00000052   Code   RO         1598    .text               c_w.l(_printf_str.o)
    0x080126d8   0x00000078   Code   RO         1600    .text               c_w.l(_printf_dec.o)
    0x08012750   0x00000058   Code   RO         1605    .text               c_w.l(_printf_hex_int.o)
    0x080127a8   0x00000188   Code   RO         1640    .text               c_w.l(__printf_flags_ss_wp.o)
    0x08012930   0x00000058   Code   RO         1649    .text               c_w.l(memcmp.o)
    0x08012988   0x00000048   Code   RO         1651    .text               c_w.l(strcpy.o)
    0x080129d0   0x00000096   Code   RO         1653    .text               c_w.l(strncmp.o)
    0x08012a66   0x00000018   Code   RO         1655    .text               c_w.l(strcat.o)
    0x08012a7e   0x0000008a   Code   RO         1657    .text               c_w.l(rt_memcpy_v6.o)
    0x08012b08   0x00000084   Code   RO         1659    .text               c_w.l(rt_memmove_v6.o)
    0x08012b8c   0x00000044   Code   RO         1661    .text               c_w.l(rt_memclr.o)
    0x08012bd0   0x0000004e   Code   RO         1663    .text               c_w.l(rt_memclr_w.o)
    0x08012c1e   0x00000056   Code   RO         1665    .text               c_w.l(strncpy.o)
    0x08012c74   0x00000080   Code   RO         1667    .text               c_w.l(strcmpv7m.o)
    0x08012cf4   0x00000006   Code   RO         1669    .text               c_w.l(heapauxi.o)
    0x08012cfa   0x00000002   Code   RO         1687    .text               c_w.l(use_no_semi.o)
    0x08012cfc   0x000000ee   Code   RO         1690    .text               c_w.l(lludivv7m.o)
    0x08012dea   0x000000b2   Code   RO         1692    .text               c_w.l(_printf_intcommon.o)
    0x08012e9c   0x0000002c   Code   RO         1694    .text               c_w.l(_printf_char.o)
    0x08012ec8   0x00000024   Code   RO         1696    .text               c_w.l(_printf_char_file.o)
    0x08012eec   0x00000064   Code   RO         1699    .text               c_w.l(rt_memcpy_w.o)
    0x08012f50   0x0000007a   Code   RO         1701    .text               c_w.l(rt_memmove_w.o)
    0x08012fca   0x00000002   PAD
    0x08012fcc   0x00000030   Code   RO         1727    .text               c_w.l(_printf_char_common.o)
    0x08012ffc   0x00000008   Code   RO         1729    .text               c_w.l(ferror.o)
    0x08013004   0x0000004a   Code   RO         1733    .text               c_w.l(sys_stackheap_outer.o)
    0x0801304e   0x00000012   Code   RO         1739    .text               c_w.l(exit.o)
    0x08013060   0x00000008   Code   RO         1747    .text               c_w.l(libspace.o)
    0x08013068   0x0000000e   Code   RO         1633    i._is_digit         c_w.l(__printf_wp.o)
    0x08013076   0x00000002   PAD
    0x08013078   0x00000150   Code   RO         1673    x$fpl$dadd          fz_wm.l(daddsub_clz.o)
    0x080131c8   0x00000026   Code   RO         1679    x$fpl$dfltu         fz_wm.l(dflt_clz.o)
    0x080131ee   0x00000002   PAD
    0x080131f0   0x00000154   Code   RO         1685    x$fpl$dmul          fz_wm.l(dmul.o)
    0x08013344   0x0000009c   Code   RO         1703    x$fpl$dnaninf       fz_wm.l(dnaninf.o)
    0x080133e0   0x0000000c   Code   RO         1705    x$fpl$dretinf       fz_wm.l(dretinf.o)
    0x080133ec   0x000001d4   Code   RO         1675    x$fpl$dsub          fz_wm.l(daddsub_clz.o)
    0x080135c0   0x0000000a   Code   RO         1816    x$fpl$fpinit        fz_wm.l(fpinit.o)
    0x080135ca   0x00000000   Code   RO         1707    x$fpl$usenofp       fz_wm.l(usenofp.o)
    0x080135ca   0x0000006e   Data   RO          362    .constdata          i2s.o
    0x08013638   0x00000024   Data   RO          758    .constdata          malloc.o
    0x0801365c   0x0000003a   Data   RO          814    .constdata          ff.o
    0x08013696   0x00000002   PAD
    0x08013698   0x0000008c   Data   RO          838    .constdata          exfuns.o
    0x08013724   0x000003c0   Data   RO          903    .constdata          mycc936.o
    0x08013ae4   0x000000c0   Data   RO         1186    .constdata          dct32.o
    0x08013ba4   0x00000250   Data   RO         1215    .constdata          dqchan.o
    0x08013df4   0x00002304   Data   RO         1240    .constdata          hufftabs.o
    0x080160f8   0x00000078   Data   RO         1254    .constdata          imdct.o
    0x08016170   0x000004fe   Data   RO         1282    .constdata          mp3tabs.o
    0x0801666e   0x00000068   Data   RO         1295    .constdata          scalfact.o
    0x080166d6   0x00000002   PAD
    0x080166d8   0x0000086c   Data   RO         1332    .constdata          trigtabs.o
    0x08016f44   0x00000408   Data   RO         1387    .constdata          entropy.o
    0x0801734c   0x00000010   Data   RO         1503    .constdata          predictor.o
    0x0801735c   0x000001a0   Data   RO         1541    .constdata          flacdecoder.o
    0x080174fc   0x00000100   Data   RO         1573    .constdata          tables.o
    0x080175fc   0x00000028   Data   RO         1606    .constdata          c_w.l(_printf_hex_int.o)
    0x08017624   0x00000011   Data   RO         1641    .constdata          c_w.l(__printf_flags_ss_wp.o)
    0x08017635   0x00000003   PAD
    0x08017638   0x00000048   Data   RO          839    .conststring        exfuns.o
    0x08017680   0x00000020   Data   RO         1874    Region$$Table       anon$$obj.o


    Execution Region RW_IRAM1 (Base: 0x20000000, Size: 0x0001e0a0, Max: 0x00020000, ABSOLUTE, COMPRESSED[0x00000844])

    Base Addr    Size         Type   Attr      Idx    E Section Name        Object

    0x20000000   0x00000014   Data   RW          235    .data               system_stm32f4xx.o
    0x20000014   0x00000001   Data   RW          261    .data               key.o
    0x20000015   0x00000003   PAD
    0x20000018   0x00000010   Data   RW          306    .data               sdio_sdcard.o
    0x20000028   0x00000004   Data   RW          363    .data               i2s.o
    0x2000002c   0x00000006   Data   RW          389    .data               ak4595.o
    0x20000032   0x00000ba8   Data   RW          411    .data               nokia5110.o
    0x20000bda   0x00000002   PAD
    0x20000bdc   0x00000006   Data   RW          489    .data               usart.o
    0x20000be2   0x00000004   Data   RW          519    .data               delay.o
    0x20000be6   0x00000010   Data   RW          611    .data               stm32f4xx_rcc.o
    0x20000bf6   0x00000002   PAD
    0x20000bf8   0x00000024   Data   RW          759    .data               malloc.o
    0x20000c1c   0x00000002   Data   RW          785    .data               diskio.o
    0x20000c1e   0x00000002   Data   RW          815    .data               ff.o
    0x20000c20   0x00000014   Data   RW          840    .data               exfuns.o
    0x20000c34   0x00000006   Data   RW          928    .data               flacplay.o
    0x20000c3a   0x00000002   PAD
    0x20000c3c   0x00000006   Data   RW          967    .data               mp3play.o
    0x20000c42   0x00000002   PAD
    0x20000c44   0x00000006   Data   RW         1000    .data               apeplay.o
    0x20000c4a   0x00000002   Data   RW         1037    .data               wavplay.o
    0x20000c4c   0x00000003   Data   RW         1061    .data               sacd_dsf.o
    0x20000c4f   0x00000001   PAD
    0x20000c50   0x00000002   Data   RW         1091    .data               audioplay.o
    0x20000c52   0x00000002   PAD
    0x20000c54   0x0000000c   Data   RW         1356    .data               apedecoder.o
    0x20000c60   0x00000018   Data   RW         1388    .data               entropy.o
    0x20000c78   0x000002c0   Zero   RW          305    .bss                sdio_sdcard.o
    0x20000f38   0x000000c8   Zero   RW          488    .bss                usart.o
    0x20001000   0x0001a900   Zero   RW          757    .bss                malloc.o
    0x2001b900   0x0000000c   Zero   RW          813    .bss                ff.o
    0x2001b90c   0x00000050   Zero   RW          837    .bss                exfuns.o
    0x2001b95c   0x00002020   Zero   RW         1036    .bss                wavplay.o
    0x2001d97c   0x0000001c   Zero   RW         1060    .bss                sacd_dsf.o
    0x2001d998   0x00000044   Zero   RW         1090    .bss                audioplay.o
    0x2001d9dc   0x00000010   Zero   RW         1386    .bss                entropy.o
    0x2001d9ec   0x00000028   Zero   RW         1404    .bss                filter_16_11.o
    0x2001da14   0x00000028   Zero   RW         1457    .bss                filter_64_11.o
    0x2001da3c   0x00000060   Zero   RW         1748    .bss                c_w.l(libspace.o)
    0x2001da9c   0x00000004   PAD
    0x2001daa0   0x00000200   Zero   RW          539    HEAP                startup_stm32f40_41xxx.o
    0x2001dca0   0x00000400   Zero   RW          538    STACK               startup_stm32f40_41xxx.o



  Load Region LR$$.ARM.__AT_0x10000000 (Base: 0x10000000, Size: 0x00000000, Max: 0x0000f000, ABSOLUTE)

    Execution Region ER$$.ARM.__AT_0x10000000 (Base: 0x10000000, Size: 0x0000f000, Max: 0x0000f000, ABSOLUTE, UNINIT)

    Base Addr    Size         Type   Attr      Idx    E Section Name        Object

    0x10000000   0x0000f000   Zero   RW          753    .ARM.__AT_0x10000000  malloc.o



  Load Region LR$$.ARM.__AT_0x1000F000 (Base: 0x1000f000, Size: 0x00000000, Max: 0x00000f00, ABSOLUTE)

    Execution Region ER$$.ARM.__AT_0x1000F000 (Base: 0x1000f000, Size: 0x00000f00, Max: 0x00000f00, ABSOLUTE, UNINIT)

    Base Addr    Size         Type   Attr      Idx    E Section Name        Object

    0x1000f000   0x00000f00   Zero   RW          754    .ARM.__AT_0x1000F000  malloc.o



  Load Region LR$$.ARM.__AT_0x68000000 (Base: 0x68000000, Size: 0x00000000, Max: 0x000f0000, ABSOLUTE)

    Execution Region ER$$.ARM.__AT_0x68000000 (Base: 0x68000000, Size: 0x000f0000, Max: 0x000f0000, ABSOLUTE, UNINIT)

    Base Addr    Size         Type   Attr      Idx    E Section Name        Object

    0x68000000   0x000f0000   Zero   RW          755    .ARM.__AT_0x68000000  malloc.o



  Load Region LR$$.ARM.__AT_0x680F0000 (Base: 0x680f0000, Size: 0x00000000, Max: 0x0000f000, ABSOLUTE)

    Execution Region ER$$.ARM.__AT_0x680F0000 (Base: 0x680f0000, Size: 0x0000f000, Max: 0x0000f000, ABSOLUTE, UNINIT)

    Base Addr    Size         Type   Attr      Idx    E Section Name        Object

    0x680f0000   0x0000f000   Zero   RW          756    .ARM.__AT_0x680F0000  malloc.o


==============================================================================

Image component sizes


      Code (inc. data)   RO Data    RW Data    ZI Data      Debug   Object Name

       496         32          0          6          0       3009   ak4595.o
       536          4          0         12          0       3106   apedecoder.o
      1460        194          0          6          0       7085   apeplay.o
        22          0          0          0          0        512   asmmisc_rvds.o
      2062          0          0          0          0        692   asmpoly_thumb2_rvds.o
       888        174          0          2         68       4702   audioplay.o
      1332         26          0          0          0      10173   bitstream.o
       254          0          0          0          0       4786   bitstreamf.o
       406          0          0          0          0       2172   buffers.o
      3372         10        192          0          0       4694   dct32.o
       260          8          0          4          0       1573   delay.o
       672          4          0          0          0       2042   dequant.o
       420          8          0          2          0       4522   diskio.o
      1094         36        592          0          0       3918   dqchan.o
      1148         48       1032         24         16       5842   entropy.o
       416         22        212         20         80       2932   exfuns.o
     12954        136         58          2         12      38486   ff.o
      1292          4          0          0         40       4115   filter_16_11.o
      1996          4          0          0         40       4063   filter_64_11.o
      2916         26        416          0          0      14872   flacdecoder.o
      2088        282          0          6          0       8444   flacplay.o
      1824         24          0          0          0       5733   huffman.o
         0          0       8964          0          0       5844   hufftabs.o
      1424         62        110          4          0       4718   i2s.o
      4140         56        120          0          0       9821   imdct.o
       264         30          0          1          0        948   key.o
        88         10          0          0          0     296859   main.o
       556         18         36         36    1218560       5173   malloc.o
       224         20          0          0          0       1909   misc.o
      1180          4          0          0          0       4594   mp3dec.o
      2200        222          0          6          0       8022   mp3play.o
         0          0       1278          0          0       2137   mp3tabs.o
        64          8        960          0          0       1333   mycc936.o
       708         26          0          0          0       2028   myiic.o
       904         18          0       2984          0       5136   nokia5110.o
      2824        758          0          0          0       4266   parser.o
      1062          0          0          0          0        832   predictor-arm.o
        88          4         16          0          0       1665   predictor.o
      1516        222          0          3         28       5668   sacd_dsf.o
      1422          8        104          0          0       4062   scalfact.o
      7520        282          0         16        704      25441   sdio_sdcard.o
        64         26        392          0       1536        880   startup_stm32f40_41xxx.o
       936         32          0          0          0       6485   stm32f4xx_dma.o
       660         44          0          0          0       4249   stm32f4xx_gpio.o
        26          0          0          0          0       1266   stm32f4xx_it.o
      1628         52          0         16          0      13172   stm32f4xx_rcc.o
       476         16          0          0          0       7512   stm32f4xx_sdio.o
      1152         36          0          0          0       6997   stm32f4xx_spi.o
      1108         34          0          0          0       7972   stm32f4xx_usart.o
      1572         16          0          0          0       4231   stproc.o
       276          4          0          0          0       1323   subband.o
        16          0          0          0          0        536   sys.o
       528         46          0         20          0       1919   system_stm32f4xx.o
         0          0        256          0          0        650   tables.o
         0          0       2156          0          0       1084   trigtabs.o
       312         20          0          6        200       3418   usart.o
      1676        286          0          2       8224       4082   wavplay.o

    ----------------------------------------------------------------------
     74536       3402      16930       3192    1229508     593705   Object Totals
         0          0         32          0          0          0   (incl. Generated)
        14          0          4         14          0          0   (incl. Padding)

    ----------------------------------------------------------------------

      Code (inc. data)   RO Data    RW Data    ZI Data      Debug   Library Member Name

        90          0          0          0          0          0   __dczerorl2.o
         8          0          0          0          0         68   __main.o
       392          4         17          0          0         92   __printf_flags_ss_wp.o
        14          0          0          0          0         68   __printf_wp.o
         0          0          0          0          0          0   __rtentry.o
        12          0          0          0          0          0   __rtentry2.o
         6          0          0          0          0          0   __rtentry4.o
        52          8          0          0          0          0   __scatter.o
        28          0          0          0          0          0   __scatter_zi.o
         6          0          0          0          0          0   _printf_c.o
        44          0          0          0          0        108   _printf_char.o
        48          6          0          0          0         96   _printf_char_common.o
        36          4          0          0          0         80   _printf_char_file.o
         6          0          0          0          0          0   _printf_d.o
       120         16          0          0          0         92   _printf_dec.o
        88          4         40          0          0         88   _printf_hex_int.o
       178          0          0          0          0         88   _printf_intcommon.o
        78          0          0          0          0        108   _printf_pad.o
         0          0          0          0          0          0   _printf_percent.o
         4          0          0          0          0          0   _printf_percent_end.o
         6          0          0          0          0          0   _printf_s.o
        82          0          0          0          0         80   _printf_str.o
         6          0          0          0          0          0   _printf_u.o
         6          0          0          0          0          0   _printf_x.o
        18          0          0          0          0         80   exit.o
         8          0          0          0          0         68   ferror.o
         6          0          0          0          0        152   heapauxi.o
         2          0          0          0          0          0   libinit.o
         6          0          0          0          0          0   libinit2.o
         2          0          0          0          0          0   libshutdown.o
         2          0          0          0          0          0   libshutdown2.o
         8          4          0          0         96         68   libspace.o
        72          0          0          0          0         76   llsdiv.o
        38          0          0          0          0         68   llsshr.o
       238          0          0          0          0        100   lludivv7m.o
        88          0          0          0          0         76   memcmp.o
        24          4          0          0          0         84   noretval__2printf.o
        68          0          0          0          0         68   rt_memclr.o
        78          0          0          0          0         80   rt_memclr_w.o
       138          0          0          0          0         68   rt_memcpy_v6.o
       100          0          0          0          0         80   rt_memcpy_w.o
       132          0          0          0          0         68   rt_memmove_v6.o
       122          0          0          0          0         80   rt_memmove_w.o
         2          0          0          0          0          0   rtexit.o
        10          0          0          0          0          0   rtexit2.o
        24          0          0          0          0         68   strcat.o
       128          0          0          0          0         68   strcmpv7m.o
        72          0          0          0          0         80   strcpy.o
       150          0          0          0          0         80   strncmp.o
        86          0          0          0          0         76   strncpy.o
        74          0          0          0          0         80   sys_stackheap_outer.o
         2          0          0          0          0         68   use_no_semi.o
         2          0          0          0          0         68   use_no_semi_2.o
       804         16          0          0          0        368   daddsub_clz.o
        38          0          0          0          0        116   dflt_clz.o
       340         12          0          0          0        152   dmul.o
       156          4          0          0          0        140   dnaninf.o
        12          0          0          0          0        116   dretinf.o
        10          0          0          0          0        116   fpinit.o
         0          0          0          0          0          0   usenofp.o

    ----------------------------------------------------------------------
      4378         82         60          0        100       3780   Library Totals
         8          0          3          0          4          0   (incl. Padding)

    ----------------------------------------------------------------------

      Code (inc. data)   RO Data    RW Data    ZI Data      Debug   Library Name

      3010         50         57          0         96       2772   c_w.l
      1360         32          0          0          0       1008   fz_wm.l

    ----------------------------------------------------------------------
      4378         82         60          0        100       3780   Library Totals

    ----------------------------------------------------------------------

==============================================================================


      Code (inc. data)   RO Data    RW Data    ZI Data      Debug   

     78914       3484      16990       3192    1229608     585925   Grand Totals
     78914       3484      16990       2116    1229608     585925   ELF Image Totals (compressed)
     78914       3484      16990       2116          0          0   ROM Totals

==============================================================================

    Total RO  Size (Code + RO Data)                95904 (  93.66kB)
    Total RW  Size (RW Data + ZI Data)           1232800 (1203.91kB)
    Total ROM Size (Code + RO Data + RW Data)      98020 (  95.72kB)

==============================================================================

