<html>
<body>
<pre>
<h1>µVision Build Log</h1>
<h2>Tool Versions:</h2>
IDE-Version: ¦ÌVision V5.21.1.0
Copyright (C) 2016 ARM Ltd and ARM Germany GmbH. All rights reserved.
License Information: terry zuo, 8, LIC=CRMNN-Y5XBN-PGK7L-0NA1Z-7QG6U-SF04Z
 
Tool Versions:
Toolchain:       MDK-ARM Professional  Version: 5.21a
Toolchain Path:  C:\Keil_v5\ARM\ARMCC\Bin
C Compiler:      Armcc.exe V5.06 update 3 (build 300)
Assembler:       Armasm.exe V5.06 update 3 (build 300)
Linker/Locator:  ArmLink.exe V5.06 update 3 (build 300)
Library Manager: ArmAr.exe V5.06 update 3 (build 300)
Hex Converter:   FromElf.exe V5.06 update 3 (build 300)
CPU DLL:         SARMCM3.DLL V5.21a
Dialog DLL:      DCM.DLL V1.13.8.0
Target DLL:      Segger\JL2CM3.dll V2.99.23.0
Dialog DLL:      TCM.DLL V1.14.14.0
 
<h2>Project:</h2>
C:\Users\52475\Documents\GitHub\Scar\HIFI_Ver1.0\USER\AudioPlayer.uvprojx
Project File Date:  04/03/2018

<h2>Output:</h2>
*** Using Compiler 'V5.06 update 3 (build 300)', folder: 'C:\Keil_v5\ARM\ARMCC\Bin'
Build target 'AudioPlayer'
compiling stm32f4xx_it.c...
compiling system_stm32f4xx.c...
compiling spi.c...
compiling key.c...
compiling myiic.c...
compiling main.c...
main.c(18): warning:  #550-D: variable "res" was set but never used
  	FRESULT res;	
main.c: 1 warning, 0 errors
compiling sdio_sdcard.c...
compiling i2s.c...
compiling delay.c...
compiling sys.c...
compiling usart.c...
compiling nokia5110.c...
compiling AK4595.c...
..\HARDWARE\AK4595SEQ\AK4595.c(108): warning:  #177-D: variable "i" was declared but never referenced
  	u8 res=0;u8 i=0;
..\HARDWARE\AK4595SEQ\AK4595.c(11): warning:  #550-D: variable "AK4595_REGVAL_TBL" was set but never used
  static u16 AK4595_REGVAL_TBL[]=
..\HARDWARE\AK4595SEQ\AK4595.c: 2 warnings, 0 errors
compiling sram.c...
..\HARDWARE\SRAM\sram.c(232): warning:  #177-D: variable "NVIC_InitStructure" was declared but never referenced
      NVIC_InitTypeDef   NVIC_InitStructure;    
..\HARDWARE\SRAM\sram.c(297): warning:  #550-D: variable "fillnum" was set but never used
    u32 fillnum=0; 
..\HARDWARE\SRAM\sram.c(321): warning:  #177-D: variable "i" was declared but never referenced
  	u16 i;
..\HARDWARE\SRAM\sram.c(229): warning:  #177-D: function "FSMC_DMA1_Init" was declared but never referenced
  static void FSMC_DMA1_Init(u8* buf0,u8 *buf1,u16 num)
..\HARDWARE\SRAM\sram.c(266): warning:  #177-D: function "FSMC_DMA2_Init" was declared but never referenced
  static void FSMC_DMA2_Init(u8* buf0,u8 *buf1,u16 num)
..\HARDWARE\SRAM\sram.c: 6 warnings, 0 errors
assembling startup_stm32f40_41xxx.s...
compiling stm32f4xx_usart.c...
compiling misc.c...
compiling stm32f4xx_syscfg.c...
compiling stm32f4xx_gpio.c...
compiling stm32f4xx_rcc.c...
compiling stm32f4xx_fsmc.c...
compiling stm32f4xx_tim.c...
compiling ff.c...
compiling stm32f4xx_dma.c...
compiling exfuns.c...
compiling malloc.c...
compiling diskio.c...
compiling stm32f4xx_spi.c...
compiling stm32f4xx_sdio.c...
compiling fattester.c...
compiling mycc936.c...
compiling wavplay.c...
..\AUDIOCODEC\wav\wavplay.c(91): warning:  #177-D: variable "temp" was declared but never referenced
  	u16 i;u8 temp;
..\AUDIOCODEC\wav\wavplay.c(93): warning:  #177-D: variable "data" was declared but never referenced
  	int data;
..\AUDIOCODEC\wav\wavplay.c(185): warning:  #550-D: variable "iic_flag" was set but never used
  	u8 iic_flag=0;
..\AUDIOCODEC\wav\wavplay.c: 3 warnings, 0 errors
compiling audioplay.c...
compiling sacd_dsf.c...
..\AUDIOCODEC\DSD\sacd_dsf.c(147): warning:  #177-D: variable "p" was declared but never referenced
  	u8 *p;
..\AUDIOCODEC\DSD\sacd_dsf.c: 1 warning, 0 errors
compiling apeplay.c...
..\AUDIOCODEC\ape\apeplay.c(117): warning:  #550-D: variable "iic_flag" was set but never used
  	u8 iic_flag;
..\AUDIOCODEC\ape\apeplay.c: 1 warning, 0 errors
compiling mp3play.c...
..\AUDIOCODEC\mp3\mp3play.c(271): warning:  #550-D: variable "iic_flag" was set but never used
  	u8 iic_flag;
..\AUDIOCODEC\mp3\mp3play.c: 1 warning, 0 errors
compiling flacplay.c...
..\AUDIOCODEC\flac\flacplay.c(164): warning:  #550-D: variable "iic_flag" was set but never used
  	u8 iic_flag;
..\AUDIOCODEC\flac\flacplay.c: 1 warning, 0 errors
compiling bitstream.c...
compiling hufftabs.c...
compiling dequant.c...
compiling dct32.c...
compiling dqchan.c...
compiling huffman.c...
compiling mp3tabs.c...
compiling scalfact.c...
compiling subband.c...
compiling mp3dec.c...
compiling stproc.c...
compiling buffers.c...
compiling imdct.c...
assembling asmpoly_thumb2_rvds.s...
compiling trigtabs.c...
assembling asmmisc_rvds.s...
compiling entropy.c...
assembling predictor-arm.S...
compiling predictor.c...
compiling bitstreamf.c...
compiling filter_16_11.c...
compiling apedecoder.c...
compiling filter_32_10.c...
compiling tables.c...
compiling parser.c...
compiling filter_64_11.c...
compiling flacdecoder.c...
linking...
Program Size: Code=78914 RO-data=16990 RW-data=3192 ZI-data=1229608  
FromELF: creating hex file...
"..\OBJ\AudioPlayer.axf" - 0 Error(s), 15 Warning(s).

<h2>Collection of Component include folders:</h2>
  C:\Users\52475\Documents\GitHub\Scar\HIFI_Ver1.0\USER\RTE
  C:\Keil_v5\ARM\PACK\Keil\STM32F4xx_DFP\1.0.8\Device\Include

<h2>Collection of Component Files used:</h2>
Build Time Elapsed:  00:00:14
</pre>
</body>
</html>
